[2026-02-10T21:35:18.326+0000] {processor.py:186} INFO - Started process (PID=40) to work on /opt/airflow/dags/data_ingestion.py
[2026-02-10T21:35:18.326+0000] {processor.py:914} INFO - Processing file /opt/airflow/dags/data_ingestion.py for tasks to queue
[2026-02-10T21:35:18.327+0000] {logging_mixin.py:190} INFO - [2026-02-10T21:35:18.327+0000] {dagbag.py:588} INFO - Filling up the DagBag from /opt/airflow/dags/data_ingestion.py
[2026-02-10T21:35:18.331+0000] {logging_mixin.py:190} INFO - [2026-02-10T21:35:18.330+0000] {dagbag.py:387} ERROR - Failed to import: /opt/airflow/dags/data_ingestion.py
Traceback (most recent call last):
  File "/home/airflow/.local/lib/python3.11/site-packages/airflow/models/dagbag.py", line 383, in parse
    loader.exec_module(new_module)
  File "<frozen importlib._bootstrap_external>", line 940, in exec_module
  File "<frozen importlib._bootstrap>", line 241, in _call_with_frames_removed
  File "/opt/airflow/dags/data_ingestion.py", line 1, in <module>
    import psycopg
ModuleNotFoundError: No module named 'psycopg'
[2026-02-10T21:35:18.331+0000] {processor.py:927} WARNING - No viable dags retrieved from /opt/airflow/dags/data_ingestion.py
[2026-02-10T21:35:18.341+0000] {processor.py:208} INFO - Processing /opt/airflow/dags/data_ingestion.py took 0.019 seconds
[2026-02-10T21:35:48.891+0000] {processor.py:186} INFO - Started process (PID=83) to work on /opt/airflow/dags/data_ingestion.py
[2026-02-10T21:35:48.892+0000] {processor.py:914} INFO - Processing file /opt/airflow/dags/data_ingestion.py for tasks to queue
[2026-02-10T21:35:48.892+0000] {logging_mixin.py:190} INFO - [2026-02-10T21:35:48.892+0000] {dagbag.py:588} INFO - Filling up the DagBag from /opt/airflow/dags/data_ingestion.py
[2026-02-10T21:35:48.895+0000] {logging_mixin.py:190} INFO - [2026-02-10T21:35:48.894+0000] {dagbag.py:387} ERROR - Failed to import: /opt/airflow/dags/data_ingestion.py
Traceback (most recent call last):
  File "/home/airflow/.local/lib/python3.11/site-packages/airflow/models/dagbag.py", line 383, in parse
    loader.exec_module(new_module)
  File "<frozen importlib._bootstrap_external>", line 940, in exec_module
  File "<frozen importlib._bootstrap>", line 241, in _call_with_frames_removed
  File "/opt/airflow/dags/data_ingestion.py", line 1, in <module>
    import psycopg
ModuleNotFoundError: No module named 'psycopg'
[2026-02-10T21:35:48.895+0000] {processor.py:927} WARNING - No viable dags retrieved from /opt/airflow/dags/data_ingestion.py
[2026-02-10T21:35:48.904+0000] {processor.py:208} INFO - Processing /opt/airflow/dags/data_ingestion.py took 0.016 seconds
[2026-02-10T21:36:19.473+0000] {processor.py:186} INFO - Started process (PID=94) to work on /opt/airflow/dags/data_ingestion.py
[2026-02-10T21:36:19.473+0000] {processor.py:914} INFO - Processing file /opt/airflow/dags/data_ingestion.py for tasks to queue
[2026-02-10T21:36:19.475+0000] {logging_mixin.py:190} INFO - [2026-02-10T21:36:19.474+0000] {dagbag.py:588} INFO - Filling up the DagBag from /opt/airflow/dags/data_ingestion.py
[2026-02-10T21:36:19.478+0000] {logging_mixin.py:190} INFO - [2026-02-10T21:36:19.477+0000] {dagbag.py:387} ERROR - Failed to import: /opt/airflow/dags/data_ingestion.py
Traceback (most recent call last):
  File "/home/airflow/.local/lib/python3.11/site-packages/airflow/models/dagbag.py", line 383, in parse
    loader.exec_module(new_module)
  File "<frozen importlib._bootstrap_external>", line 940, in exec_module
  File "<frozen importlib._bootstrap>", line 241, in _call_with_frames_removed
  File "/opt/airflow/dags/data_ingestion.py", line 1, in <module>
    import psycopg
ModuleNotFoundError: No module named 'psycopg'
[2026-02-10T21:36:19.478+0000] {processor.py:927} WARNING - No viable dags retrieved from /opt/airflow/dags/data_ingestion.py
[2026-02-10T21:36:19.487+0000] {processor.py:208} INFO - Processing /opt/airflow/dags/data_ingestion.py took 0.016 seconds
[2026-02-10T21:36:50.294+0000] {processor.py:186} INFO - Started process (PID=137) to work on /opt/airflow/dags/data_ingestion.py
[2026-02-10T21:36:50.294+0000] {processor.py:914} INFO - Processing file /opt/airflow/dags/data_ingestion.py for tasks to queue
[2026-02-10T21:36:50.295+0000] {logging_mixin.py:190} INFO - [2026-02-10T21:36:50.295+0000] {dagbag.py:588} INFO - Filling up the DagBag from /opt/airflow/dags/data_ingestion.py
[2026-02-10T21:36:50.504+0000] {processor.py:925} INFO - DAG(s) 'yellow_monthly_dump' retrieved from /opt/airflow/dags/data_ingestion.py
[2026-02-10T21:36:50.534+0000] {logging_mixin.py:190} INFO - [2026-02-10T21:36:50.534+0000] {override.py:1911} INFO - Created Permission View: can read on DAG:yellow_monthly_dump
[2026-02-10T21:36:50.537+0000] {logging_mixin.py:190} INFO - [2026-02-10T21:36:50.537+0000] {override.py:1911} INFO - Created Permission View: can edit on DAG:yellow_monthly_dump
[2026-02-10T21:36:50.538+0000] {logging_mixin.py:190} INFO - [2026-02-10T21:36:50.538+0000] {override.py:1911} INFO - Created Permission View: can delete on DAG:yellow_monthly_dump
[2026-02-10T21:36:50.540+0000] {logging_mixin.py:190} INFO - [2026-02-10T21:36:50.540+0000] {override.py:1911} INFO - Created Permission View: menu access on DAG Run:yellow_monthly_dump
[2026-02-10T21:36:50.542+0000] {logging_mixin.py:190} INFO - [2026-02-10T21:36:50.542+0000] {override.py:1911} INFO - Created Permission View: can read on DAG Run:yellow_monthly_dump
[2026-02-10T21:36:50.543+0000] {logging_mixin.py:190} INFO - [2026-02-10T21:36:50.543+0000] {override.py:1911} INFO - Created Permission View: can create on DAG Run:yellow_monthly_dump
[2026-02-10T21:36:50.544+0000] {logging_mixin.py:190} INFO - [2026-02-10T21:36:50.544+0000] {override.py:1911} INFO - Created Permission View: can delete on DAG Run:yellow_monthly_dump
[2026-02-10T21:36:50.545+0000] {logging_mixin.py:190} INFO - [2026-02-10T21:36:50.545+0000] {dag.py:3239} INFO - Sync 1 DAGs
[2026-02-10T21:36:50.549+0000] {logging_mixin.py:190} INFO - [2026-02-10T21:36:50.548+0000] {dag.py:3262} INFO - Creating ORM DAG for yellow_monthly_dump
[2026-02-10T21:36:50.552+0000] {logging_mixin.py:190} INFO - [2026-02-10T21:36:50.552+0000] {dag.py:4180} INFO - Setting next_dagrun for yellow_monthly_dump to 2026-02-09 00:00:00+00:00, run_after=2026-02-10 00:00:00+00:00
[2026-02-10T21:36:50.556+0000] {processor.py:208} INFO - Processing /opt/airflow/dags/data_ingestion.py took 0.266 seconds
[2026-02-10T21:37:21.156+0000] {processor.py:186} INFO - Started process (PID=150) to work on /opt/airflow/dags/data_ingestion.py
[2026-02-10T21:37:21.156+0000] {processor.py:914} INFO - Processing file /opt/airflow/dags/data_ingestion.py for tasks to queue
[2026-02-10T21:37:21.158+0000] {logging_mixin.py:190} INFO - [2026-02-10T21:37:21.158+0000] {dagbag.py:588} INFO - Filling up the DagBag from /opt/airflow/dags/data_ingestion.py
[2026-02-10T21:37:21.375+0000] {processor.py:925} INFO - DAG(s) 'yellow_monthly_dump' retrieved from /opt/airflow/dags/data_ingestion.py
[2026-02-10T21:37:21.384+0000] {logging_mixin.py:190} INFO - [2026-02-10T21:37:21.384+0000] {dag.py:3239} INFO - Sync 1 DAGs
[2026-02-10T21:37:21.392+0000] {logging_mixin.py:190} INFO - [2026-02-10T21:37:21.392+0000] {dag.py:4180} INFO - Setting next_dagrun for yellow_monthly_dump to 2026-02-09 00:00:00+00:00, run_after=2026-02-10 00:00:00+00:00
[2026-02-10T21:37:21.397+0000] {processor.py:208} INFO - Processing /opt/airflow/dags/data_ingestion.py took 0.246 seconds
[2026-02-10T21:37:51.828+0000] {processor.py:186} INFO - Started process (PID=162) to work on /opt/airflow/dags/data_ingestion.py
[2026-02-10T21:37:51.828+0000] {processor.py:914} INFO - Processing file /opt/airflow/dags/data_ingestion.py for tasks to queue
[2026-02-10T21:37:51.830+0000] {logging_mixin.py:190} INFO - [2026-02-10T21:37:51.830+0000] {dagbag.py:588} INFO - Filling up the DagBag from /opt/airflow/dags/data_ingestion.py
[2026-02-10T21:37:52.025+0000] {processor.py:925} INFO - DAG(s) 'yellow_monthly_dump' retrieved from /opt/airflow/dags/data_ingestion.py
[2026-02-10T21:37:52.034+0000] {logging_mixin.py:190} INFO - [2026-02-10T21:37:52.033+0000] {dag.py:3239} INFO - Sync 1 DAGs
[2026-02-10T21:37:52.040+0000] {logging_mixin.py:190} INFO - [2026-02-10T21:37:52.040+0000] {dag.py:4180} INFO - Setting next_dagrun for yellow_monthly_dump to 2026-02-09 00:00:00+00:00, run_after=2026-02-10 00:00:00+00:00
[2026-02-10T21:37:52.045+0000] {processor.py:208} INFO - Processing /opt/airflow/dags/data_ingestion.py took 0.221 seconds
[2026-02-10T21:38:22.193+0000] {processor.py:186} INFO - Started process (PID=178) to work on /opt/airflow/dags/data_ingestion.py
[2026-02-10T21:38:22.193+0000] {processor.py:914} INFO - Processing file /opt/airflow/dags/data_ingestion.py for tasks to queue
[2026-02-10T21:38:22.194+0000] {logging_mixin.py:190} INFO - [2026-02-10T21:38:22.194+0000] {dagbag.py:588} INFO - Filling up the DagBag from /opt/airflow/dags/data_ingestion.py
[2026-02-10T21:38:22.420+0000] {processor.py:925} INFO - DAG(s) 'yellow_monthly_dump' retrieved from /opt/airflow/dags/data_ingestion.py
[2026-02-10T21:38:22.429+0000] {logging_mixin.py:190} INFO - [2026-02-10T21:38:22.428+0000] {dag.py:3239} INFO - Sync 1 DAGs
[2026-02-10T21:38:22.435+0000] {logging_mixin.py:190} INFO - [2026-02-10T21:38:22.435+0000] {dag.py:4180} INFO - Setting next_dagrun for yellow_monthly_dump to 2026-02-09 00:00:00+00:00, run_after=2026-02-10 00:00:00+00:00
[2026-02-10T21:38:22.440+0000] {processor.py:208} INFO - Processing /opt/airflow/dags/data_ingestion.py took 0.251 seconds
[2026-02-10T21:38:52.845+0000] {processor.py:186} INFO - Started process (PID=187) to work on /opt/airflow/dags/data_ingestion.py
[2026-02-10T21:38:52.848+0000] {processor.py:914} INFO - Processing file /opt/airflow/dags/data_ingestion.py for tasks to queue
[2026-02-10T21:38:52.863+0000] {logging_mixin.py:190} INFO - [2026-02-10T21:38:52.862+0000] {dagbag.py:588} INFO - Filling up the DagBag from /opt/airflow/dags/data_ingestion.py
[2026-02-10T21:38:53.258+0000] {processor.py:925} INFO - DAG(s) 'yellow_monthly_dump' retrieved from /opt/airflow/dags/data_ingestion.py
[2026-02-10T21:38:53.273+0000] {logging_mixin.py:190} INFO - [2026-02-10T21:38:53.273+0000] {dag.py:3239} INFO - Sync 1 DAGs
[2026-02-10T21:38:53.282+0000] {logging_mixin.py:190} INFO - [2026-02-10T21:38:53.282+0000] {dag.py:4180} INFO - Setting next_dagrun for yellow_monthly_dump to 2026-02-09 00:00:00+00:00, run_after=2026-02-10 00:00:00+00:00
[2026-02-10T21:38:53.288+0000] {processor.py:208} INFO - Processing /opt/airflow/dags/data_ingestion.py took 0.460 seconds
[2026-02-10T21:39:23.673+0000] {processor.py:186} INFO - Started process (PID=199) to work on /opt/airflow/dags/data_ingestion.py
[2026-02-10T21:39:23.675+0000] {processor.py:914} INFO - Processing file /opt/airflow/dags/data_ingestion.py for tasks to queue
[2026-02-10T21:39:23.676+0000] {logging_mixin.py:190} INFO - [2026-02-10T21:39:23.676+0000] {dagbag.py:588} INFO - Filling up the DagBag from /opt/airflow/dags/data_ingestion.py
[2026-02-10T21:39:23.938+0000] {processor.py:925} INFO - DAG(s) 'yellow_monthly_dump' retrieved from /opt/airflow/dags/data_ingestion.py
[2026-02-10T21:39:23.951+0000] {logging_mixin.py:190} INFO - [2026-02-10T21:39:23.950+0000] {dag.py:3239} INFO - Sync 1 DAGs
[2026-02-10T21:39:23.964+0000] {logging_mixin.py:190} INFO - [2026-02-10T21:39:23.964+0000] {dag.py:4180} INFO - Setting next_dagrun for yellow_monthly_dump to 2026-02-09 00:00:00+00:00, run_after=2026-02-10 00:00:00+00:00
[2026-02-10T21:39:23.971+0000] {processor.py:208} INFO - Processing /opt/airflow/dags/data_ingestion.py took 0.306 seconds
[2026-02-10T21:39:54.614+0000] {processor.py:186} INFO - Started process (PID=215) to work on /opt/airflow/dags/data_ingestion.py
[2026-02-10T21:39:54.614+0000] {processor.py:914} INFO - Processing file /opt/airflow/dags/data_ingestion.py for tasks to queue
[2026-02-10T21:39:54.617+0000] {logging_mixin.py:190} INFO - [2026-02-10T21:39:54.616+0000] {dagbag.py:588} INFO - Filling up the DagBag from /opt/airflow/dags/data_ingestion.py
[2026-02-10T21:39:54.844+0000] {processor.py:925} INFO - DAG(s) 'yellow_monthly_dump' retrieved from /opt/airflow/dags/data_ingestion.py
[2026-02-10T21:39:54.854+0000] {logging_mixin.py:190} INFO - [2026-02-10T21:39:54.854+0000] {dag.py:3239} INFO - Sync 1 DAGs
[2026-02-10T21:39:54.861+0000] {logging_mixin.py:190} INFO - [2026-02-10T21:39:54.861+0000] {dag.py:4180} INFO - Setting next_dagrun for yellow_monthly_dump to 2026-02-09 00:00:00+00:00, run_after=2026-02-10 00:00:00+00:00
[2026-02-10T21:39:54.870+0000] {processor.py:208} INFO - Processing /opt/airflow/dags/data_ingestion.py took 0.263 seconds
[2026-02-10T21:40:25.260+0000] {processor.py:186} INFO - Started process (PID=227) to work on /opt/airflow/dags/data_ingestion.py
[2026-02-10T21:40:25.262+0000] {processor.py:914} INFO - Processing file /opt/airflow/dags/data_ingestion.py for tasks to queue
[2026-02-10T21:40:25.265+0000] {logging_mixin.py:190} INFO - [2026-02-10T21:40:25.265+0000] {dagbag.py:588} INFO - Filling up the DagBag from /opt/airflow/dags/data_ingestion.py
[2026-02-10T21:40:25.555+0000] {processor.py:925} INFO - DAG(s) 'yellow_monthly_dump' retrieved from /opt/airflow/dags/data_ingestion.py
[2026-02-10T21:40:25.565+0000] {logging_mixin.py:190} INFO - [2026-02-10T21:40:25.565+0000] {dag.py:3239} INFO - Sync 1 DAGs
[2026-02-10T21:40:25.573+0000] {logging_mixin.py:190} INFO - [2026-02-10T21:40:25.573+0000] {dag.py:4180} INFO - Setting next_dagrun for yellow_monthly_dump to 2026-02-09 00:00:00+00:00, run_after=2026-02-10 00:00:00+00:00
[2026-02-10T21:40:25.579+0000] {processor.py:208} INFO - Processing /opt/airflow/dags/data_ingestion.py took 0.330 seconds
[2026-02-10T21:40:56.198+0000] {processor.py:186} INFO - Started process (PID=260) to work on /opt/airflow/dags/data_ingestion.py
[2026-02-10T21:40:56.200+0000] {processor.py:914} INFO - Processing file /opt/airflow/dags/data_ingestion.py for tasks to queue
[2026-02-10T21:40:56.203+0000] {logging_mixin.py:190} INFO - [2026-02-10T21:40:56.203+0000] {dagbag.py:588} INFO - Filling up the DagBag from /opt/airflow/dags/data_ingestion.py
[2026-02-10T21:40:56.511+0000] {processor.py:925} INFO - DAG(s) 'yellow_monthly_dump' retrieved from /opt/airflow/dags/data_ingestion.py
[2026-02-10T21:40:56.522+0000] {logging_mixin.py:190} INFO - [2026-02-10T21:40:56.522+0000] {dag.py:3239} INFO - Sync 1 DAGs
[2026-02-10T21:40:56.530+0000] {logging_mixin.py:190} INFO - [2026-02-10T21:40:56.530+0000] {dag.py:4180} INFO - Setting next_dagrun for yellow_monthly_dump to 2026-02-09 00:00:00+00:00, run_after=2026-02-10 00:00:00+00:00
[2026-02-10T21:40:56.539+0000] {processor.py:208} INFO - Processing /opt/airflow/dags/data_ingestion.py took 0.348 seconds
[2026-02-10T21:41:26.925+0000] {processor.py:186} INFO - Started process (PID=272) to work on /opt/airflow/dags/data_ingestion.py
[2026-02-10T21:41:26.926+0000] {processor.py:914} INFO - Processing file /opt/airflow/dags/data_ingestion.py for tasks to queue
[2026-02-10T21:41:26.929+0000] {logging_mixin.py:190} INFO - [2026-02-10T21:41:26.929+0000] {dagbag.py:588} INFO - Filling up the DagBag from /opt/airflow/dags/data_ingestion.py
[2026-02-10T21:41:27.205+0000] {processor.py:925} INFO - DAG(s) 'yellow_monthly_dump' retrieved from /opt/airflow/dags/data_ingestion.py
[2026-02-10T21:41:27.217+0000] {logging_mixin.py:190} INFO - [2026-02-10T21:41:27.217+0000] {dag.py:3239} INFO - Sync 1 DAGs
[2026-02-10T21:41:27.226+0000] {logging_mixin.py:190} INFO - [2026-02-10T21:41:27.226+0000] {dag.py:4180} INFO - Setting next_dagrun for yellow_monthly_dump to 2026-02-09 00:00:00+00:00, run_after=2026-02-10 00:00:00+00:00
[2026-02-10T21:41:27.232+0000] {processor.py:208} INFO - Processing /opt/airflow/dags/data_ingestion.py took 0.317 seconds
[2026-02-10T21:41:57.601+0000] {processor.py:186} INFO - Started process (PID=284) to work on /opt/airflow/dags/data_ingestion.py
[2026-02-10T21:41:57.604+0000] {processor.py:914} INFO - Processing file /opt/airflow/dags/data_ingestion.py for tasks to queue
[2026-02-10T21:41:57.610+0000] {logging_mixin.py:190} INFO - [2026-02-10T21:41:57.609+0000] {dagbag.py:588} INFO - Filling up the DagBag from /opt/airflow/dags/data_ingestion.py
[2026-02-10T21:41:57.994+0000] {processor.py:925} INFO - DAG(s) 'yellow_monthly_dump' retrieved from /opt/airflow/dags/data_ingestion.py
[2026-02-10T21:41:58.008+0000] {logging_mixin.py:190} INFO - [2026-02-10T21:41:58.008+0000] {dag.py:3239} INFO - Sync 1 DAGs
[2026-02-10T21:41:58.016+0000] {logging_mixin.py:190} INFO - [2026-02-10T21:41:58.016+0000] {dag.py:4180} INFO - Setting next_dagrun for yellow_monthly_dump to 2026-02-09 00:00:00+00:00, run_after=2026-02-10 00:00:00+00:00
[2026-02-10T21:41:58.023+0000] {processor.py:208} INFO - Processing /opt/airflow/dags/data_ingestion.py took 0.443 seconds
[2026-02-10T21:42:28.407+0000] {processor.py:186} INFO - Started process (PID=296) to work on /opt/airflow/dags/data_ingestion.py
[2026-02-10T21:42:28.408+0000] {processor.py:914} INFO - Processing file /opt/airflow/dags/data_ingestion.py for tasks to queue
[2026-02-10T21:42:28.411+0000] {logging_mixin.py:190} INFO - [2026-02-10T21:42:28.411+0000] {dagbag.py:588} INFO - Filling up the DagBag from /opt/airflow/dags/data_ingestion.py
[2026-02-10T21:42:28.677+0000] {processor.py:925} INFO - DAG(s) 'yellow_monthly_dump' retrieved from /opt/airflow/dags/data_ingestion.py
[2026-02-10T21:42:28.688+0000] {logging_mixin.py:190} INFO - [2026-02-10T21:42:28.688+0000] {dag.py:3239} INFO - Sync 1 DAGs
[2026-02-10T21:42:28.696+0000] {logging_mixin.py:190} INFO - [2026-02-10T21:42:28.696+0000] {dag.py:4180} INFO - Setting next_dagrun for yellow_monthly_dump to 2026-02-09 00:00:00+00:00, run_after=2026-02-10 00:00:00+00:00
[2026-02-10T21:42:28.704+0000] {processor.py:208} INFO - Processing /opt/airflow/dags/data_ingestion.py took 0.309 seconds
[2026-02-10T21:42:59.108+0000] {processor.py:186} INFO - Started process (PID=308) to work on /opt/airflow/dags/data_ingestion.py
[2026-02-10T21:42:59.110+0000] {processor.py:914} INFO - Processing file /opt/airflow/dags/data_ingestion.py for tasks to queue
[2026-02-10T21:42:59.113+0000] {logging_mixin.py:190} INFO - [2026-02-10T21:42:59.113+0000] {dagbag.py:588} INFO - Filling up the DagBag from /opt/airflow/dags/data_ingestion.py
[2026-02-10T21:42:59.415+0000] {processor.py:925} INFO - DAG(s) 'yellow_monthly_dump' retrieved from /opt/airflow/dags/data_ingestion.py
[2026-02-10T21:42:59.428+0000] {logging_mixin.py:190} INFO - [2026-02-10T21:42:59.428+0000] {dag.py:3239} INFO - Sync 1 DAGs
[2026-02-10T21:42:59.437+0000] {logging_mixin.py:190} INFO - [2026-02-10T21:42:59.437+0000] {dag.py:4180} INFO - Setting next_dagrun for yellow_monthly_dump to 2026-02-09 00:00:00+00:00, run_after=2026-02-10 00:00:00+00:00
[2026-02-10T21:42:59.445+0000] {processor.py:208} INFO - Processing /opt/airflow/dags/data_ingestion.py took 0.351 seconds
[2026-02-10T21:43:29.847+0000] {processor.py:186} INFO - Started process (PID=320) to work on /opt/airflow/dags/data_ingestion.py
[2026-02-10T21:43:29.848+0000] {processor.py:914} INFO - Processing file /opt/airflow/dags/data_ingestion.py for tasks to queue
[2026-02-10T21:43:29.850+0000] {logging_mixin.py:190} INFO - [2026-02-10T21:43:29.850+0000] {dagbag.py:588} INFO - Filling up the DagBag from /opt/airflow/dags/data_ingestion.py
[2026-02-10T21:43:30.093+0000] {processor.py:925} INFO - DAG(s) 'yellow_monthly_dump' retrieved from /opt/airflow/dags/data_ingestion.py
[2026-02-10T21:43:30.104+0000] {logging_mixin.py:190} INFO - [2026-02-10T21:43:30.103+0000] {dag.py:3239} INFO - Sync 1 DAGs
[2026-02-10T21:43:30.112+0000] {logging_mixin.py:190} INFO - [2026-02-10T21:43:30.112+0000] {dag.py:4180} INFO - Setting next_dagrun for yellow_monthly_dump to 2026-02-09 00:00:00+00:00, run_after=2026-02-10 00:00:00+00:00
[2026-02-10T21:43:30.118+0000] {processor.py:208} INFO - Processing /opt/airflow/dags/data_ingestion.py took 0.279 seconds
[2026-02-10T21:44:00.554+0000] {processor.py:186} INFO - Started process (PID=332) to work on /opt/airflow/dags/data_ingestion.py
[2026-02-10T21:44:00.555+0000] {processor.py:914} INFO - Processing file /opt/airflow/dags/data_ingestion.py for tasks to queue
[2026-02-10T21:44:00.558+0000] {logging_mixin.py:190} INFO - [2026-02-10T21:44:00.557+0000] {dagbag.py:588} INFO - Filling up the DagBag from /opt/airflow/dags/data_ingestion.py
[2026-02-10T21:44:00.798+0000] {processor.py:925} INFO - DAG(s) 'yellow_monthly_dump' retrieved from /opt/airflow/dags/data_ingestion.py
[2026-02-10T21:44:00.810+0000] {logging_mixin.py:190} INFO - [2026-02-10T21:44:00.810+0000] {dag.py:3239} INFO - Sync 1 DAGs
[2026-02-10T21:44:00.818+0000] {logging_mixin.py:190} INFO - [2026-02-10T21:44:00.818+0000] {dag.py:4180} INFO - Setting next_dagrun for yellow_monthly_dump to 2026-02-09 00:00:00+00:00, run_after=2026-02-10 00:00:00+00:00
[2026-02-10T21:44:00.825+0000] {processor.py:208} INFO - Processing /opt/airflow/dags/data_ingestion.py took 0.279 seconds
[2026-02-10T21:44:31.467+0000] {processor.py:186} INFO - Started process (PID=348) to work on /opt/airflow/dags/data_ingestion.py
[2026-02-10T21:44:31.469+0000] {processor.py:914} INFO - Processing file /opt/airflow/dags/data_ingestion.py for tasks to queue
[2026-02-10T21:44:31.473+0000] {logging_mixin.py:190} INFO - [2026-02-10T21:44:31.473+0000] {dagbag.py:588} INFO - Filling up the DagBag from /opt/airflow/dags/data_ingestion.py
[2026-02-10T21:44:31.813+0000] {processor.py:925} INFO - DAG(s) 'yellow_monthly_dump' retrieved from /opt/airflow/dags/data_ingestion.py
[2026-02-10T21:44:31.825+0000] {logging_mixin.py:190} INFO - [2026-02-10T21:44:31.825+0000] {dag.py:3239} INFO - Sync 1 DAGs
[2026-02-10T21:44:31.835+0000] {logging_mixin.py:190} INFO - [2026-02-10T21:44:31.835+0000] {dag.py:4180} INFO - Setting next_dagrun for yellow_monthly_dump to 2026-02-09 00:00:00+00:00, run_after=2026-02-10 00:00:00+00:00
[2026-02-10T21:44:31.841+0000] {processor.py:208} INFO - Processing /opt/airflow/dags/data_ingestion.py took 0.387 seconds
[2026-02-10T21:45:01.912+0000] {processor.py:186} INFO - Started process (PID=377) to work on /opt/airflow/dags/data_ingestion.py
[2026-02-10T21:45:01.913+0000] {processor.py:914} INFO - Processing file /opt/airflow/dags/data_ingestion.py for tasks to queue
[2026-02-10T21:45:01.915+0000] {logging_mixin.py:190} INFO - [2026-02-10T21:45:01.915+0000] {dagbag.py:588} INFO - Filling up the DagBag from /opt/airflow/dags/data_ingestion.py
[2026-02-10T21:45:02.171+0000] {processor.py:925} INFO - DAG(s) 'yellow_monthly_dump' retrieved from /opt/airflow/dags/data_ingestion.py
[2026-02-10T21:45:02.181+0000] {logging_mixin.py:190} INFO - [2026-02-10T21:45:02.181+0000] {dag.py:3239} INFO - Sync 1 DAGs
[2026-02-10T21:45:02.189+0000] {logging_mixin.py:190} INFO - [2026-02-10T21:45:02.189+0000] {dag.py:4180} INFO - Setting next_dagrun for yellow_monthly_dump to 2026-02-09 00:00:00+00:00, run_after=2026-02-10 00:00:00+00:00
[2026-02-10T21:45:02.196+0000] {processor.py:208} INFO - Processing /opt/airflow/dags/data_ingestion.py took 0.291 seconds
[2026-02-10T21:45:32.682+0000] {processor.py:186} INFO - Started process (PID=406) to work on /opt/airflow/dags/data_ingestion.py
[2026-02-10T21:45:32.683+0000] {processor.py:914} INFO - Processing file /opt/airflow/dags/data_ingestion.py for tasks to queue
[2026-02-10T21:45:32.686+0000] {logging_mixin.py:190} INFO - [2026-02-10T21:45:32.685+0000] {dagbag.py:588} INFO - Filling up the DagBag from /opt/airflow/dags/data_ingestion.py
[2026-02-10T21:45:32.954+0000] {processor.py:925} INFO - DAG(s) 'yellow_monthly_dump' retrieved from /opt/airflow/dags/data_ingestion.py
[2026-02-10T21:45:32.968+0000] {logging_mixin.py:190} INFO - [2026-02-10T21:45:32.968+0000] {dag.py:3239} INFO - Sync 1 DAGs
[2026-02-10T21:45:32.977+0000] {logging_mixin.py:190} INFO - [2026-02-10T21:45:32.977+0000] {dag.py:4180} INFO - Setting next_dagrun for yellow_monthly_dump to 2026-02-09 00:00:00+00:00, run_after=2026-02-10 00:00:00+00:00
[2026-02-10T21:45:32.986+0000] {processor.py:208} INFO - Processing /opt/airflow/dags/data_ingestion.py took 0.312 seconds
[2026-02-10T21:46:03.412+0000] {processor.py:186} INFO - Started process (PID=418) to work on /opt/airflow/dags/data_ingestion.py
[2026-02-10T21:46:03.413+0000] {processor.py:914} INFO - Processing file /opt/airflow/dags/data_ingestion.py for tasks to queue
[2026-02-10T21:46:03.417+0000] {logging_mixin.py:190} INFO - [2026-02-10T21:46:03.417+0000] {dagbag.py:588} INFO - Filling up the DagBag from /opt/airflow/dags/data_ingestion.py
[2026-02-10T21:46:03.737+0000] {processor.py:925} INFO - DAG(s) 'yellow_monthly_dump' retrieved from /opt/airflow/dags/data_ingestion.py
[2026-02-10T21:46:03.752+0000] {logging_mixin.py:190} INFO - [2026-02-10T21:46:03.752+0000] {dag.py:3239} INFO - Sync 1 DAGs
[2026-02-10T21:46:03.762+0000] {logging_mixin.py:190} INFO - [2026-02-10T21:46:03.762+0000] {dag.py:4180} INFO - Setting next_dagrun for yellow_monthly_dump to 2026-02-09 00:00:00+00:00, run_after=2026-02-10 00:00:00+00:00
[2026-02-10T21:46:03.771+0000] {processor.py:208} INFO - Processing /opt/airflow/dags/data_ingestion.py took 0.368 seconds
[2026-02-10T21:46:34.165+0000] {processor.py:186} INFO - Started process (PID=430) to work on /opt/airflow/dags/data_ingestion.py
[2026-02-10T21:46:34.165+0000] {processor.py:914} INFO - Processing file /opt/airflow/dags/data_ingestion.py for tasks to queue
[2026-02-10T21:46:34.167+0000] {logging_mixin.py:190} INFO - [2026-02-10T21:46:34.167+0000] {dagbag.py:588} INFO - Filling up the DagBag from /opt/airflow/dags/data_ingestion.py
[2026-02-10T21:46:34.395+0000] {processor.py:925} INFO - DAG(s) 'yellow_monthly_dump' retrieved from /opt/airflow/dags/data_ingestion.py
[2026-02-10T21:46:34.405+0000] {logging_mixin.py:190} INFO - [2026-02-10T21:46:34.405+0000] {dag.py:3239} INFO - Sync 1 DAGs
[2026-02-10T21:46:34.412+0000] {logging_mixin.py:190} INFO - [2026-02-10T21:46:34.412+0000] {dag.py:4180} INFO - Setting next_dagrun for yellow_monthly_dump to 2026-02-09 00:00:00+00:00, run_after=2026-02-10 00:00:00+00:00
[2026-02-10T21:46:34.422+0000] {processor.py:208} INFO - Processing /opt/airflow/dags/data_ingestion.py took 0.265 seconds
[2026-02-10T21:47:04.904+0000] {processor.py:186} INFO - Started process (PID=442) to work on /opt/airflow/dags/data_ingestion.py
[2026-02-10T21:47:04.904+0000] {processor.py:914} INFO - Processing file /opt/airflow/dags/data_ingestion.py for tasks to queue
[2026-02-10T21:47:04.906+0000] {logging_mixin.py:190} INFO - [2026-02-10T21:47:04.905+0000] {dagbag.py:588} INFO - Filling up the DagBag from /opt/airflow/dags/data_ingestion.py
[2026-02-10T21:47:05.138+0000] {processor.py:925} INFO - DAG(s) 'yellow_monthly_dump' retrieved from /opt/airflow/dags/data_ingestion.py
[2026-02-10T21:47:05.149+0000] {logging_mixin.py:190} INFO - [2026-02-10T21:47:05.149+0000] {dag.py:3239} INFO - Sync 1 DAGs
[2026-02-10T21:47:05.159+0000] {logging_mixin.py:190} INFO - [2026-02-10T21:47:05.159+0000] {dag.py:4180} INFO - Setting next_dagrun for yellow_monthly_dump to 2026-02-09 00:00:00+00:00, run_after=2026-02-10 00:00:00+00:00
[2026-02-10T21:47:05.166+0000] {processor.py:208} INFO - Processing /opt/airflow/dags/data_ingestion.py took 0.270 seconds
[2026-02-10T21:47:35.548+0000] {processor.py:186} INFO - Started process (PID=454) to work on /opt/airflow/dags/data_ingestion.py
[2026-02-10T21:47:35.550+0000] {processor.py:914} INFO - Processing file /opt/airflow/dags/data_ingestion.py for tasks to queue
[2026-02-10T21:47:35.551+0000] {logging_mixin.py:190} INFO - [2026-02-10T21:47:35.551+0000] {dagbag.py:588} INFO - Filling up the DagBag from /opt/airflow/dags/data_ingestion.py
[2026-02-10T21:47:35.817+0000] {processor.py:925} INFO - DAG(s) 'yellow_monthly_dump' retrieved from /opt/airflow/dags/data_ingestion.py
[2026-02-10T21:47:35.828+0000] {logging_mixin.py:190} INFO - [2026-02-10T21:47:35.828+0000] {dag.py:3239} INFO - Sync 1 DAGs
[2026-02-10T21:47:35.836+0000] {logging_mixin.py:190} INFO - [2026-02-10T21:47:35.836+0000] {dag.py:4180} INFO - Setting next_dagrun for yellow_monthly_dump to 2026-02-09 00:00:00+00:00, run_after=2026-02-10 00:00:00+00:00
[2026-02-10T21:47:35.845+0000] {processor.py:208} INFO - Processing /opt/airflow/dags/data_ingestion.py took 0.308 seconds
[2026-02-10T21:48:06.283+0000] {processor.py:186} INFO - Started process (PID=466) to work on /opt/airflow/dags/data_ingestion.py
[2026-02-10T21:48:06.284+0000] {processor.py:914} INFO - Processing file /opt/airflow/dags/data_ingestion.py for tasks to queue
[2026-02-10T21:48:06.287+0000] {logging_mixin.py:190} INFO - [2026-02-10T21:48:06.286+0000] {dagbag.py:588} INFO - Filling up the DagBag from /opt/airflow/dags/data_ingestion.py
[2026-02-10T21:48:06.569+0000] {processor.py:925} INFO - DAG(s) 'yellow_monthly_dump' retrieved from /opt/airflow/dags/data_ingestion.py
[2026-02-10T21:48:06.581+0000] {logging_mixin.py:190} INFO - [2026-02-10T21:48:06.581+0000] {dag.py:3239} INFO - Sync 1 DAGs
[2026-02-10T21:48:06.590+0000] {logging_mixin.py:190} INFO - [2026-02-10T21:48:06.590+0000] {dag.py:4180} INFO - Setting next_dagrun for yellow_monthly_dump to 2026-02-09 00:00:00+00:00, run_after=2026-02-10 00:00:00+00:00
[2026-02-10T21:48:06.598+0000] {processor.py:208} INFO - Processing /opt/airflow/dags/data_ingestion.py took 0.323 seconds
[2026-02-10T21:48:36.980+0000] {processor.py:186} INFO - Started process (PID=478) to work on /opt/airflow/dags/data_ingestion.py
[2026-02-10T21:48:36.982+0000] {processor.py:914} INFO - Processing file /opt/airflow/dags/data_ingestion.py for tasks to queue
[2026-02-10T21:48:36.985+0000] {logging_mixin.py:190} INFO - [2026-02-10T21:48:36.984+0000] {dagbag.py:588} INFO - Filling up the DagBag from /opt/airflow/dags/data_ingestion.py
[2026-02-10T21:48:37.234+0000] {processor.py:925} INFO - DAG(s) 'yellow_monthly_dump' retrieved from /opt/airflow/dags/data_ingestion.py
[2026-02-10T21:48:37.245+0000] {logging_mixin.py:190} INFO - [2026-02-10T21:48:37.245+0000] {dag.py:3239} INFO - Sync 1 DAGs
[2026-02-10T21:48:37.252+0000] {logging_mixin.py:190} INFO - [2026-02-10T21:48:37.252+0000] {dag.py:4180} INFO - Setting next_dagrun for yellow_monthly_dump to 2026-02-09 00:00:00+00:00, run_after=2026-02-10 00:00:00+00:00
[2026-02-10T21:48:37.259+0000] {processor.py:208} INFO - Processing /opt/airflow/dags/data_ingestion.py took 0.285 seconds
[2026-02-10T21:49:07.682+0000] {processor.py:186} INFO - Started process (PID=490) to work on /opt/airflow/dags/data_ingestion.py
[2026-02-10T21:49:07.684+0000] {processor.py:914} INFO - Processing file /opt/airflow/dags/data_ingestion.py for tasks to queue
[2026-02-10T21:49:07.686+0000] {logging_mixin.py:190} INFO - [2026-02-10T21:49:07.686+0000] {dagbag.py:588} INFO - Filling up the DagBag from /opt/airflow/dags/data_ingestion.py
[2026-02-10T21:49:07.908+0000] {processor.py:925} INFO - DAG(s) 'yellow_monthly_dump' retrieved from /opt/airflow/dags/data_ingestion.py
[2026-02-10T21:49:07.918+0000] {logging_mixin.py:190} INFO - [2026-02-10T21:49:07.918+0000] {dag.py:3239} INFO - Sync 1 DAGs
[2026-02-10T21:49:07.926+0000] {logging_mixin.py:190} INFO - [2026-02-10T21:49:07.925+0000] {dag.py:4180} INFO - Setting next_dagrun for yellow_monthly_dump to 2026-02-09 00:00:00+00:00, run_after=2026-02-10 00:00:00+00:00
[2026-02-10T21:49:07.931+0000] {processor.py:208} INFO - Processing /opt/airflow/dags/data_ingestion.py took 0.255 seconds
[2026-02-10T21:49:38.393+0000] {processor.py:186} INFO - Started process (PID=502) to work on /opt/airflow/dags/data_ingestion.py
[2026-02-10T21:49:38.395+0000] {processor.py:914} INFO - Processing file /opt/airflow/dags/data_ingestion.py for tasks to queue
[2026-02-10T21:49:38.398+0000] {logging_mixin.py:190} INFO - [2026-02-10T21:49:38.398+0000] {dagbag.py:588} INFO - Filling up the DagBag from /opt/airflow/dags/data_ingestion.py
[2026-02-10T21:49:38.684+0000] {processor.py:925} INFO - DAG(s) 'yellow_monthly_dump' retrieved from /opt/airflow/dags/data_ingestion.py
[2026-02-10T21:49:38.697+0000] {logging_mixin.py:190} INFO - [2026-02-10T21:49:38.696+0000] {dag.py:3239} INFO - Sync 1 DAGs
[2026-02-10T21:49:38.706+0000] {logging_mixin.py:190} INFO - [2026-02-10T21:49:38.706+0000] {dag.py:4180} INFO - Setting next_dagrun for yellow_monthly_dump to 2026-02-09 00:00:00+00:00, run_after=2026-02-10 00:00:00+00:00
[2026-02-10T21:49:38.716+0000] {processor.py:208} INFO - Processing /opt/airflow/dags/data_ingestion.py took 0.333 seconds
[2026-02-10T21:50:09.055+0000] {processor.py:186} INFO - Started process (PID=531) to work on /opt/airflow/dags/data_ingestion.py
[2026-02-10T21:50:09.057+0000] {processor.py:914} INFO - Processing file /opt/airflow/dags/data_ingestion.py for tasks to queue
[2026-02-10T21:50:09.059+0000] {logging_mixin.py:190} INFO - [2026-02-10T21:50:09.058+0000] {dagbag.py:588} INFO - Filling up the DagBag from /opt/airflow/dags/data_ingestion.py
[2026-02-10T21:50:09.312+0000] {processor.py:925} INFO - DAG(s) 'yellow_monthly_dump' retrieved from /opt/airflow/dags/data_ingestion.py
[2026-02-10T21:50:09.323+0000] {logging_mixin.py:190} INFO - [2026-02-10T21:50:09.323+0000] {dag.py:3239} INFO - Sync 1 DAGs
[2026-02-10T21:50:09.332+0000] {logging_mixin.py:190} INFO - [2026-02-10T21:50:09.331+0000] {dag.py:4180} INFO - Setting next_dagrun for yellow_monthly_dump to 2026-02-09 00:00:00+00:00, run_after=2026-02-10 00:00:00+00:00
[2026-02-10T21:50:09.344+0000] {processor.py:208} INFO - Processing /opt/airflow/dags/data_ingestion.py took 0.296 seconds
[2026-02-10T21:50:39.807+0000] {processor.py:186} INFO - Started process (PID=547) to work on /opt/airflow/dags/data_ingestion.py
[2026-02-10T21:50:39.808+0000] {processor.py:914} INFO - Processing file /opt/airflow/dags/data_ingestion.py for tasks to queue
[2026-02-10T21:50:39.811+0000] {logging_mixin.py:190} INFO - [2026-02-10T21:50:39.811+0000] {dagbag.py:588} INFO - Filling up the DagBag from /opt/airflow/dags/data_ingestion.py
[2026-02-10T21:50:40.138+0000] {processor.py:925} INFO - DAG(s) 'yellow_monthly_dump' retrieved from /opt/airflow/dags/data_ingestion.py
[2026-02-10T21:50:40.155+0000] {logging_mixin.py:190} INFO - [2026-02-10T21:50:40.154+0000] {dag.py:3239} INFO - Sync 1 DAGs
[2026-02-10T21:50:40.163+0000] {logging_mixin.py:190} INFO - [2026-02-10T21:50:40.163+0000] {dag.py:4180} INFO - Setting next_dagrun for yellow_monthly_dump to 2026-02-09 00:00:00+00:00, run_after=2026-02-10 00:00:00+00:00
[2026-02-10T21:50:40.170+0000] {processor.py:208} INFO - Processing /opt/airflow/dags/data_ingestion.py took 0.372 seconds
[2026-02-10T21:51:10.527+0000] {processor.py:186} INFO - Started process (PID=559) to work on /opt/airflow/dags/data_ingestion.py
[2026-02-10T21:51:10.528+0000] {processor.py:914} INFO - Processing file /opt/airflow/dags/data_ingestion.py for tasks to queue
[2026-02-10T21:51:10.530+0000] {logging_mixin.py:190} INFO - [2026-02-10T21:51:10.530+0000] {dagbag.py:588} INFO - Filling up the DagBag from /opt/airflow/dags/data_ingestion.py
[2026-02-10T21:51:10.773+0000] {processor.py:925} INFO - DAG(s) 'yellow_monthly_dump' retrieved from /opt/airflow/dags/data_ingestion.py
[2026-02-10T21:51:10.784+0000] {logging_mixin.py:190} INFO - [2026-02-10T21:51:10.784+0000] {dag.py:3239} INFO - Sync 1 DAGs
[2026-02-10T21:51:10.791+0000] {logging_mixin.py:190} INFO - [2026-02-10T21:51:10.791+0000] {dag.py:4180} INFO - Setting next_dagrun for yellow_monthly_dump to 2026-02-09 00:00:00+00:00, run_after=2026-02-10 00:00:00+00:00
[2026-02-10T21:51:10.854+0000] {processor.py:208} INFO - Processing /opt/airflow/dags/data_ingestion.py took 0.335 seconds
[2026-02-10T21:51:41.242+0000] {processor.py:186} INFO - Started process (PID=571) to work on /opt/airflow/dags/data_ingestion.py
[2026-02-10T21:51:41.242+0000] {processor.py:914} INFO - Processing file /opt/airflow/dags/data_ingestion.py for tasks to queue
[2026-02-10T21:51:41.244+0000] {logging_mixin.py:190} INFO - [2026-02-10T21:51:41.244+0000] {dagbag.py:588} INFO - Filling up the DagBag from /opt/airflow/dags/data_ingestion.py
[2026-02-10T21:51:41.465+0000] {processor.py:925} INFO - DAG(s) 'yellow_monthly_dump' retrieved from /opt/airflow/dags/data_ingestion.py
[2026-02-10T21:51:41.476+0000] {logging_mixin.py:190} INFO - [2026-02-10T21:51:41.476+0000] {dag.py:3239} INFO - Sync 1 DAGs
[2026-02-10T21:51:41.484+0000] {logging_mixin.py:190} INFO - [2026-02-10T21:51:41.484+0000] {dag.py:4180} INFO - Setting next_dagrun for yellow_monthly_dump to 2026-02-09 00:00:00+00:00, run_after=2026-02-10 00:00:00+00:00
[2026-02-10T21:51:41.490+0000] {processor.py:208} INFO - Processing /opt/airflow/dags/data_ingestion.py took 0.255 seconds
[2026-02-10T21:52:11.860+0000] {processor.py:186} INFO - Started process (PID=583) to work on /opt/airflow/dags/data_ingestion.py
[2026-02-10T21:52:11.861+0000] {processor.py:914} INFO - Processing file /opt/airflow/dags/data_ingestion.py for tasks to queue
[2026-02-10T21:52:11.863+0000] {logging_mixin.py:190} INFO - [2026-02-10T21:52:11.863+0000] {dagbag.py:588} INFO - Filling up the DagBag from /opt/airflow/dags/data_ingestion.py
[2026-02-10T21:52:12.196+0000] {processor.py:925} INFO - DAG(s) 'yellow_monthly_dump' retrieved from /opt/airflow/dags/data_ingestion.py
[2026-02-10T21:52:12.207+0000] {logging_mixin.py:190} INFO - [2026-02-10T21:52:12.207+0000] {dag.py:3239} INFO - Sync 1 DAGs
[2026-02-10T21:52:12.222+0000] {logging_mixin.py:190} INFO - [2026-02-10T21:52:12.222+0000] {dag.py:4180} INFO - Setting next_dagrun for yellow_monthly_dump to 2026-02-09 00:00:00+00:00, run_after=2026-02-10 00:00:00+00:00
[2026-02-10T21:52:12.231+0000] {processor.py:208} INFO - Processing /opt/airflow/dags/data_ingestion.py took 0.378 seconds
[2026-02-10T21:52:42.635+0000] {processor.py:186} INFO - Started process (PID=595) to work on /opt/airflow/dags/data_ingestion.py
[2026-02-10T21:52:42.637+0000] {processor.py:914} INFO - Processing file /opt/airflow/dags/data_ingestion.py for tasks to queue
[2026-02-10T21:52:42.638+0000] {logging_mixin.py:190} INFO - [2026-02-10T21:52:42.638+0000] {dagbag.py:588} INFO - Filling up the DagBag from /opt/airflow/dags/data_ingestion.py
[2026-02-10T21:52:42.900+0000] {processor.py:925} INFO - DAG(s) 'yellow_monthly_dump' retrieved from /opt/airflow/dags/data_ingestion.py
[2026-02-10T21:52:42.912+0000] {logging_mixin.py:190} INFO - [2026-02-10T21:52:42.912+0000] {dag.py:3239} INFO - Sync 1 DAGs
[2026-02-10T21:52:42.920+0000] {logging_mixin.py:190} INFO - [2026-02-10T21:52:42.920+0000] {dag.py:4180} INFO - Setting next_dagrun for yellow_monthly_dump to 2026-02-09 00:00:00+00:00, run_after=2026-02-10 00:00:00+00:00
[2026-02-10T21:52:42.928+0000] {processor.py:208} INFO - Processing /opt/airflow/dags/data_ingestion.py took 0.300 seconds
[2026-02-10T21:53:13.282+0000] {processor.py:186} INFO - Started process (PID=607) to work on /opt/airflow/dags/data_ingestion.py
[2026-02-10T21:53:13.283+0000] {processor.py:914} INFO - Processing file /opt/airflow/dags/data_ingestion.py for tasks to queue
[2026-02-10T21:53:13.285+0000] {logging_mixin.py:190} INFO - [2026-02-10T21:53:13.285+0000] {dagbag.py:588} INFO - Filling up the DagBag from /opt/airflow/dags/data_ingestion.py
[2026-02-10T21:53:13.533+0000] {processor.py:925} INFO - DAG(s) 'yellow_monthly_dump' retrieved from /opt/airflow/dags/data_ingestion.py
[2026-02-10T21:53:13.542+0000] {logging_mixin.py:190} INFO - [2026-02-10T21:53:13.542+0000] {dag.py:3239} INFO - Sync 1 DAGs
[2026-02-10T21:53:13.550+0000] {logging_mixin.py:190} INFO - [2026-02-10T21:53:13.550+0000] {dag.py:4180} INFO - Setting next_dagrun for yellow_monthly_dump to 2026-02-09 00:00:00+00:00, run_after=2026-02-10 00:00:00+00:00
[2026-02-10T21:53:13.558+0000] {processor.py:208} INFO - Processing /opt/airflow/dags/data_ingestion.py took 0.285 seconds
[2026-02-10T21:53:43.947+0000] {processor.py:186} INFO - Started process (PID=619) to work on /opt/airflow/dags/data_ingestion.py
[2026-02-10T21:53:43.947+0000] {processor.py:914} INFO - Processing file /opt/airflow/dags/data_ingestion.py for tasks to queue
[2026-02-10T21:53:43.950+0000] {logging_mixin.py:190} INFO - [2026-02-10T21:53:43.949+0000] {dagbag.py:588} INFO - Filling up the DagBag from /opt/airflow/dags/data_ingestion.py
[2026-02-10T21:53:44.180+0000] {processor.py:925} INFO - DAG(s) 'yellow_monthly_dump' retrieved from /opt/airflow/dags/data_ingestion.py
[2026-02-10T21:53:44.191+0000] {logging_mixin.py:190} INFO - [2026-02-10T21:53:44.191+0000] {dag.py:3239} INFO - Sync 1 DAGs
[2026-02-10T21:53:44.198+0000] {logging_mixin.py:190} INFO - [2026-02-10T21:53:44.198+0000] {dag.py:4180} INFO - Setting next_dagrun for yellow_monthly_dump to 2026-02-09 00:00:00+00:00, run_after=2026-02-10 00:00:00+00:00
[2026-02-10T21:53:44.204+0000] {processor.py:208} INFO - Processing /opt/airflow/dags/data_ingestion.py took 0.264 seconds
[2026-02-10T21:54:14.616+0000] {processor.py:186} INFO - Started process (PID=631) to work on /opt/airflow/dags/data_ingestion.py
[2026-02-10T21:54:14.617+0000] {processor.py:914} INFO - Processing file /opt/airflow/dags/data_ingestion.py for tasks to queue
[2026-02-10T21:54:14.619+0000] {logging_mixin.py:190} INFO - [2026-02-10T21:54:14.619+0000] {dagbag.py:588} INFO - Filling up the DagBag from /opt/airflow/dags/data_ingestion.py
[2026-02-10T21:54:14.927+0000] {processor.py:925} INFO - DAG(s) 'yellow_monthly_dump' retrieved from /opt/airflow/dags/data_ingestion.py
[2026-02-10T21:54:14.938+0000] {logging_mixin.py:190} INFO - [2026-02-10T21:54:14.938+0000] {dag.py:3239} INFO - Sync 1 DAGs
[2026-02-10T21:54:14.947+0000] {logging_mixin.py:190} INFO - [2026-02-10T21:54:14.947+0000] {dag.py:4180} INFO - Setting next_dagrun for yellow_monthly_dump to 2026-02-09 00:00:00+00:00, run_after=2026-02-10 00:00:00+00:00
[2026-02-10T21:54:14.953+0000] {processor.py:208} INFO - Processing /opt/airflow/dags/data_ingestion.py took 0.345 seconds
[2026-02-10T21:54:45.304+0000] {processor.py:186} INFO - Started process (PID=677) to work on /opt/airflow/dags/data_ingestion.py
[2026-02-10T21:54:45.305+0000] {processor.py:914} INFO - Processing file /opt/airflow/dags/data_ingestion.py for tasks to queue
[2026-02-10T21:54:45.308+0000] {logging_mixin.py:190} INFO - [2026-02-10T21:54:45.308+0000] {dagbag.py:588} INFO - Filling up the DagBag from /opt/airflow/dags/data_ingestion.py
[2026-02-10T21:54:45.710+0000] {processor.py:925} INFO - DAG(s) 'yellow_monthly_dump' retrieved from /opt/airflow/dags/data_ingestion.py
[2026-02-10T21:54:45.721+0000] {logging_mixin.py:190} INFO - [2026-02-10T21:54:45.721+0000] {dag.py:3239} INFO - Sync 1 DAGs
[2026-02-10T21:54:45.730+0000] {logging_mixin.py:190} INFO - [2026-02-10T21:54:45.730+0000] {dag.py:4180} INFO - Setting next_dagrun for yellow_monthly_dump to 2026-02-09 00:00:00+00:00, run_after=2026-02-10 00:00:00+00:00
[2026-02-10T21:54:45.737+0000] {processor.py:208} INFO - Processing /opt/airflow/dags/data_ingestion.py took 0.443 seconds
[2026-02-10T21:55:16.096+0000] {processor.py:186} INFO - Started process (PID=689) to work on /opt/airflow/dags/data_ingestion.py
[2026-02-10T21:55:16.097+0000] {processor.py:914} INFO - Processing file /opt/airflow/dags/data_ingestion.py for tasks to queue
[2026-02-10T21:55:16.099+0000] {logging_mixin.py:190} INFO - [2026-02-10T21:55:16.099+0000] {dagbag.py:588} INFO - Filling up the DagBag from /opt/airflow/dags/data_ingestion.py
[2026-02-10T21:55:16.413+0000] {processor.py:925} INFO - DAG(s) 'yellow_monthly_dump' retrieved from /opt/airflow/dags/data_ingestion.py
[2026-02-10T21:55:16.427+0000] {logging_mixin.py:190} INFO - [2026-02-10T21:55:16.426+0000] {dag.py:3239} INFO - Sync 1 DAGs
[2026-02-10T21:55:16.436+0000] {logging_mixin.py:190} INFO - [2026-02-10T21:55:16.436+0000] {dag.py:4180} INFO - Setting next_dagrun for yellow_monthly_dump to 2026-02-09 00:00:00+00:00, run_after=2026-02-10 00:00:00+00:00
[2026-02-10T21:55:16.444+0000] {processor.py:208} INFO - Processing /opt/airflow/dags/data_ingestion.py took 0.356 seconds
