[2026-02-10T21:35:17.527+0000] {processor.py:186} INFO - Started process (PID=35) to work on /opt/airflow/dags/green_cab_monthly.py
[2026-02-10T21:35:17.528+0000] {processor.py:914} INFO - Processing file /opt/airflow/dags/green_cab_monthly.py for tasks to queue
[2026-02-10T21:35:17.530+0000] {logging_mixin.py:190} INFO - [2026-02-10T21:35:17.530+0000] {dagbag.py:588} INFO - Filling up the DagBag from /opt/airflow/dags/green_cab_monthly.py
[2026-02-10T21:35:18.299+0000] {logging_mixin.py:190} INFO - [2026-02-10T21:35:18.298+0000] {dagbag.py:387} ERROR - Failed to import: /opt/airflow/dags/green_cab_monthly.py
Traceback (most recent call last):
  File "/home/airflow/.local/lib/python3.11/site-packages/airflow/models/dagbag.py", line 383, in parse
    loader.exec_module(new_module)
  File "<frozen importlib._bootstrap_external>", line 940, in exec_module
  File "<frozen importlib._bootstrap>", line 241, in _call_with_frames_removed
  File "/opt/airflow/dags/green_cab_monthly.py", line 18, in <module>
    import psycopg
ModuleNotFoundError: No module named 'psycopg'
[2026-02-10T21:35:18.299+0000] {processor.py:927} WARNING - No viable dags retrieved from /opt/airflow/dags/green_cab_monthly.py
[2026-02-10T21:35:18.311+0000] {processor.py:208} INFO - Processing /opt/airflow/dags/green_cab_monthly.py took 0.788 seconds
[2026-02-10T21:35:48.628+0000] {processor.py:186} INFO - Started process (PID=80) to work on /opt/airflow/dags/green_cab_monthly.py
[2026-02-10T21:35:48.630+0000] {processor.py:914} INFO - Processing file /opt/airflow/dags/green_cab_monthly.py for tasks to queue
[2026-02-10T21:35:48.633+0000] {logging_mixin.py:190} INFO - [2026-02-10T21:35:48.632+0000] {dagbag.py:588} INFO - Filling up the DagBag from /opt/airflow/dags/green_cab_monthly.py
[2026-02-10T21:35:48.864+0000] {logging_mixin.py:190} INFO - [2026-02-10T21:35:48.861+0000] {dagbag.py:387} ERROR - Failed to import: /opt/airflow/dags/green_cab_monthly.py
Traceback (most recent call last):
  File "/home/airflow/.local/lib/python3.11/site-packages/airflow/models/dagbag.py", line 383, in parse
    loader.exec_module(new_module)
  File "<frozen importlib._bootstrap_external>", line 940, in exec_module
  File "<frozen importlib._bootstrap>", line 241, in _call_with_frames_removed
  File "/opt/airflow/dags/green_cab_monthly.py", line 18, in <module>
    import psycopg
ModuleNotFoundError: No module named 'psycopg'
[2026-02-10T21:35:48.864+0000] {processor.py:927} WARNING - No viable dags retrieved from /opt/airflow/dags/green_cab_monthly.py
[2026-02-10T21:35:48.879+0000] {processor.py:208} INFO - Processing /opt/airflow/dags/green_cab_monthly.py took 0.256 seconds
[2026-02-10T21:36:19.308+0000] {processor.py:186} INFO - Started process (PID=91) to work on /opt/airflow/dags/green_cab_monthly.py
[2026-02-10T21:36:19.309+0000] {processor.py:914} INFO - Processing file /opt/airflow/dags/green_cab_monthly.py for tasks to queue
[2026-02-10T21:36:19.311+0000] {logging_mixin.py:190} INFO - [2026-02-10T21:36:19.311+0000] {dagbag.py:588} INFO - Filling up the DagBag from /opt/airflow/dags/green_cab_monthly.py
[2026-02-10T21:36:19.445+0000] {logging_mixin.py:190} INFO - [2026-02-10T21:36:19.444+0000] {dagbag.py:387} ERROR - Failed to import: /opt/airflow/dags/green_cab_monthly.py
Traceback (most recent call last):
  File "/home/airflow/.local/lib/python3.11/site-packages/airflow/models/dagbag.py", line 383, in parse
    loader.exec_module(new_module)
  File "<frozen importlib._bootstrap_external>", line 940, in exec_module
  File "<frozen importlib._bootstrap>", line 241, in _call_with_frames_removed
  File "/opt/airflow/dags/green_cab_monthly.py", line 18, in <module>
    import psycopg
ModuleNotFoundError: No module named 'psycopg'
[2026-02-10T21:36:19.445+0000] {processor.py:927} WARNING - No viable dags retrieved from /opt/airflow/dags/green_cab_monthly.py
[2026-02-10T21:36:19.461+0000] {processor.py:208} INFO - Processing /opt/airflow/dags/green_cab_monthly.py took 0.156 seconds
[2026-02-10T21:36:49.819+0000] {processor.py:186} INFO - Started process (PID=130) to work on /opt/airflow/dags/green_cab_monthly.py
[2026-02-10T21:36:49.820+0000] {processor.py:914} INFO - Processing file /opt/airflow/dags/green_cab_monthly.py for tasks to queue
[2026-02-10T21:36:49.825+0000] {logging_mixin.py:190} INFO - [2026-02-10T21:36:49.825+0000] {dagbag.py:588} INFO - Filling up the DagBag from /opt/airflow/dags/green_cab_monthly.py
[2026-02-10T21:36:50.067+0000] {processor.py:925} INFO - DAG(s) 'taxi_data_pipeline' retrieved from /opt/airflow/dags/green_cab_monthly.py
[2026-02-10T21:36:50.237+0000] {logging_mixin.py:190} INFO - [2026-02-10T21:36:50.236+0000] {override.py:1911} INFO - Created Permission View: can read on DAG:taxi_data_pipeline
[2026-02-10T21:36:50.242+0000] {logging_mixin.py:190} INFO - [2026-02-10T21:36:50.241+0000] {override.py:1911} INFO - Created Permission View: can edit on DAG:taxi_data_pipeline
[2026-02-10T21:36:50.246+0000] {logging_mixin.py:190} INFO - [2026-02-10T21:36:50.246+0000] {override.py:1911} INFO - Created Permission View: can delete on DAG:taxi_data_pipeline
[2026-02-10T21:36:50.249+0000] {logging_mixin.py:190} INFO - [2026-02-10T21:36:50.249+0000] {override.py:1911} INFO - Created Permission View: menu access on DAG Run:taxi_data_pipeline
[2026-02-10T21:36:50.252+0000] {logging_mixin.py:190} INFO - [2026-02-10T21:36:50.252+0000] {override.py:1911} INFO - Created Permission View: can read on DAG Run:taxi_data_pipeline
[2026-02-10T21:36:50.256+0000] {logging_mixin.py:190} INFO - [2026-02-10T21:36:50.255+0000] {override.py:1911} INFO - Created Permission View: can create on DAG Run:taxi_data_pipeline
[2026-02-10T21:36:50.258+0000] {logging_mixin.py:190} INFO - [2026-02-10T21:36:50.258+0000] {override.py:1911} INFO - Created Permission View: can delete on DAG Run:taxi_data_pipeline
[2026-02-10T21:36:50.258+0000] {logging_mixin.py:190} INFO - [2026-02-10T21:36:50.258+0000] {dag.py:3239} INFO - Sync 1 DAGs
[2026-02-10T21:36:50.266+0000] {logging_mixin.py:190} INFO - [2026-02-10T21:36:50.266+0000] {dag.py:3262} INFO - Creating ORM DAG for taxi_data_pipeline
[2026-02-10T21:36:50.266+0000] {logging_mixin.py:190} INFO - [2026-02-10T21:36:50.266+0000] {dag.py:4180} INFO - Setting next_dagrun for taxi_data_pipeline to None, run_after=None
[2026-02-10T21:36:50.277+0000] {processor.py:208} INFO - Processing /opt/airflow/dags/green_cab_monthly.py took 0.464 seconds
[2026-02-10T21:37:20.618+0000] {processor.py:186} INFO - Started process (PID=143) to work on /opt/airflow/dags/green_cab_monthly.py
[2026-02-10T21:37:20.620+0000] {processor.py:914} INFO - Processing file /opt/airflow/dags/green_cab_monthly.py for tasks to queue
[2026-02-10T21:37:20.622+0000] {logging_mixin.py:190} INFO - [2026-02-10T21:37:20.622+0000] {dagbag.py:588} INFO - Filling up the DagBag from /opt/airflow/dags/green_cab_monthly.py
[2026-02-10T21:37:20.946+0000] {processor.py:925} INFO - DAG(s) 'taxi_data_pipeline' retrieved from /opt/airflow/dags/green_cab_monthly.py
[2026-02-10T21:37:21.120+0000] {logging_mixin.py:190} INFO - [2026-02-10T21:37:21.119+0000] {dag.py:3239} INFO - Sync 1 DAGs
[2026-02-10T21:37:21.130+0000] {logging_mixin.py:190} INFO - [2026-02-10T21:37:21.130+0000] {dag.py:4180} INFO - Setting next_dagrun for taxi_data_pipeline to None, run_after=None
[2026-02-10T21:37:21.140+0000] {processor.py:208} INFO - Processing /opt/airflow/dags/green_cab_monthly.py took 0.532 seconds
[2026-02-10T21:37:51.552+0000] {processor.py:186} INFO - Started process (PID=155) to work on /opt/airflow/dags/green_cab_monthly.py
[2026-02-10T21:37:51.555+0000] {processor.py:914} INFO - Processing file /opt/airflow/dags/green_cab_monthly.py for tasks to queue
[2026-02-10T21:37:51.559+0000] {logging_mixin.py:190} INFO - [2026-02-10T21:37:51.559+0000] {dagbag.py:588} INFO - Filling up the DagBag from /opt/airflow/dags/green_cab_monthly.py
[2026-02-10T21:37:51.783+0000] {processor.py:925} INFO - DAG(s) 'taxi_data_pipeline' retrieved from /opt/airflow/dags/green_cab_monthly.py
[2026-02-10T21:37:51.802+0000] {logging_mixin.py:190} INFO - [2026-02-10T21:37:51.802+0000] {dag.py:3239} INFO - Sync 1 DAGs
[2026-02-10T21:37:51.807+0000] {logging_mixin.py:190} INFO - [2026-02-10T21:37:51.807+0000] {dag.py:4180} INFO - Setting next_dagrun for taxi_data_pipeline to None, run_after=None
[2026-02-10T21:37:51.815+0000] {processor.py:208} INFO - Processing /opt/airflow/dags/green_cab_monthly.py took 0.270 seconds
[2026-02-10T21:38:21.947+0000] {processor.py:186} INFO - Started process (PID=174) to work on /opt/airflow/dags/green_cab_monthly.py
[2026-02-10T21:38:21.948+0000] {processor.py:914} INFO - Processing file /opt/airflow/dags/green_cab_monthly.py for tasks to queue
[2026-02-10T21:38:21.950+0000] {logging_mixin.py:190} INFO - [2026-02-10T21:38:21.949+0000] {dagbag.py:588} INFO - Filling up the DagBag from /opt/airflow/dags/green_cab_monthly.py
[2026-02-10T21:38:22.157+0000] {processor.py:925} INFO - DAG(s) 'taxi_data_pipeline' retrieved from /opt/airflow/dags/green_cab_monthly.py
[2026-02-10T21:38:22.169+0000] {logging_mixin.py:190} INFO - [2026-02-10T21:38:22.169+0000] {dag.py:3239} INFO - Sync 1 DAGs
[2026-02-10T21:38:22.173+0000] {logging_mixin.py:190} INFO - [2026-02-10T21:38:22.173+0000] {dag.py:4180} INFO - Setting next_dagrun for taxi_data_pipeline to None, run_after=None
[2026-02-10T21:38:22.179+0000] {processor.py:208} INFO - Processing /opt/airflow/dags/green_cab_monthly.py took 0.241 seconds
[2026-02-10T21:38:52.845+0000] {processor.py:186} INFO - Started process (PID=186) to work on /opt/airflow/dags/green_cab_monthly.py
[2026-02-10T21:38:52.848+0000] {processor.py:914} INFO - Processing file /opt/airflow/dags/green_cab_monthly.py for tasks to queue
[2026-02-10T21:38:52.863+0000] {logging_mixin.py:190} INFO - [2026-02-10T21:38:52.861+0000] {dagbag.py:588} INFO - Filling up the DagBag from /opt/airflow/dags/green_cab_monthly.py
[2026-02-10T21:38:53.134+0000] {processor.py:925} INFO - DAG(s) 'taxi_data_pipeline' retrieved from /opt/airflow/dags/green_cab_monthly.py
[2026-02-10T21:38:53.165+0000] {logging_mixin.py:190} INFO - [2026-02-10T21:38:53.165+0000] {dag.py:3239} INFO - Sync 1 DAGs
[2026-02-10T21:38:53.272+0000] {logging_mixin.py:190} INFO - [2026-02-10T21:38:53.272+0000] {dag.py:4180} INFO - Setting next_dagrun for taxi_data_pipeline to None, run_after=None
[2026-02-10T21:38:53.279+0000] {processor.py:208} INFO - Processing /opt/airflow/dags/green_cab_monthly.py took 0.463 seconds
[2026-02-10T21:39:23.661+0000] {processor.py:186} INFO - Started process (PID=198) to work on /opt/airflow/dags/green_cab_monthly.py
[2026-02-10T21:39:23.662+0000] {processor.py:914} INFO - Processing file /opt/airflow/dags/green_cab_monthly.py for tasks to queue
[2026-02-10T21:39:23.665+0000] {logging_mixin.py:190} INFO - [2026-02-10T21:39:23.665+0000] {dagbag.py:588} INFO - Filling up the DagBag from /opt/airflow/dags/green_cab_monthly.py
[2026-02-10T21:39:23.823+0000] {processor.py:925} INFO - DAG(s) 'taxi_data_pipeline' retrieved from /opt/airflow/dags/green_cab_monthly.py
[2026-02-10T21:39:23.948+0000] {logging_mixin.py:190} INFO - [2026-02-10T21:39:23.948+0000] {dag.py:3239} INFO - Sync 1 DAGs
[2026-02-10T21:39:23.955+0000] {logging_mixin.py:190} INFO - [2026-02-10T21:39:23.954+0000] {dag.py:4180} INFO - Setting next_dagrun for taxi_data_pipeline to None, run_after=None
[2026-02-10T21:39:23.966+0000] {processor.py:208} INFO - Processing /opt/airflow/dags/green_cab_monthly.py took 0.314 seconds
[2026-02-10T21:39:54.611+0000] {processor.py:186} INFO - Started process (PID=214) to work on /opt/airflow/dags/green_cab_monthly.py
[2026-02-10T21:39:54.612+0000] {processor.py:914} INFO - Processing file /opt/airflow/dags/green_cab_monthly.py for tasks to queue
[2026-02-10T21:39:54.613+0000] {logging_mixin.py:190} INFO - [2026-02-10T21:39:54.613+0000] {dagbag.py:588} INFO - Filling up the DagBag from /opt/airflow/dags/green_cab_monthly.py
[2026-02-10T21:39:54.844+0000] {processor.py:925} INFO - DAG(s) 'taxi_data_pipeline' retrieved from /opt/airflow/dags/green_cab_monthly.py
[2026-02-10T21:39:54.860+0000] {logging_mixin.py:190} INFO - [2026-02-10T21:39:54.860+0000] {dag.py:3239} INFO - Sync 1 DAGs
[2026-02-10T21:39:54.867+0000] {logging_mixin.py:190} INFO - [2026-02-10T21:39:54.867+0000] {dag.py:4180} INFO - Setting next_dagrun for taxi_data_pipeline to None, run_after=None
[2026-02-10T21:39:54.873+0000] {processor.py:208} INFO - Processing /opt/airflow/dags/green_cab_monthly.py took 0.272 seconds
[2026-02-10T21:40:25.251+0000] {processor.py:186} INFO - Started process (PID=226) to work on /opt/airflow/dags/green_cab_monthly.py
[2026-02-10T21:40:25.252+0000] {processor.py:914} INFO - Processing file /opt/airflow/dags/green_cab_monthly.py for tasks to queue
[2026-02-10T21:40:25.255+0000] {logging_mixin.py:190} INFO - [2026-02-10T21:40:25.255+0000] {dagbag.py:588} INFO - Filling up the DagBag from /opt/airflow/dags/green_cab_monthly.py
[2026-02-10T21:40:25.546+0000] {processor.py:925} INFO - DAG(s) 'taxi_data_pipeline' retrieved from /opt/airflow/dags/green_cab_monthly.py
[2026-02-10T21:40:25.561+0000] {logging_mixin.py:190} INFO - [2026-02-10T21:40:25.561+0000] {dag.py:3239} INFO - Sync 1 DAGs
[2026-02-10T21:40:25.567+0000] {logging_mixin.py:190} INFO - [2026-02-10T21:40:25.567+0000] {dag.py:4180} INFO - Setting next_dagrun for taxi_data_pipeline to None, run_after=None
[2026-02-10T21:40:25.574+0000] {processor.py:208} INFO - Processing /opt/airflow/dags/green_cab_monthly.py took 0.333 seconds
[2026-02-10T21:40:56.198+0000] {processor.py:186} INFO - Started process (PID=259) to work on /opt/airflow/dags/green_cab_monthly.py
[2026-02-10T21:40:56.201+0000] {processor.py:914} INFO - Processing file /opt/airflow/dags/green_cab_monthly.py for tasks to queue
[2026-02-10T21:40:56.202+0000] {logging_mixin.py:190} INFO - [2026-02-10T21:40:56.202+0000] {dagbag.py:588} INFO - Filling up the DagBag from /opt/airflow/dags/green_cab_monthly.py
[2026-02-10T21:40:56.511+0000] {processor.py:925} INFO - DAG(s) 'taxi_data_pipeline' retrieved from /opt/airflow/dags/green_cab_monthly.py
[2026-02-10T21:40:56.526+0000] {logging_mixin.py:190} INFO - [2026-02-10T21:40:56.526+0000] {dag.py:3239} INFO - Sync 1 DAGs
[2026-02-10T21:40:56.532+0000] {logging_mixin.py:190} INFO - [2026-02-10T21:40:56.532+0000] {dag.py:4180} INFO - Setting next_dagrun for taxi_data_pipeline to None, run_after=None
[2026-02-10T21:40:56.541+0000] {processor.py:208} INFO - Processing /opt/airflow/dags/green_cab_monthly.py took 0.354 seconds
[2026-02-10T21:41:26.921+0000] {processor.py:186} INFO - Started process (PID=271) to work on /opt/airflow/dags/green_cab_monthly.py
[2026-02-10T21:41:26.922+0000] {processor.py:914} INFO - Processing file /opt/airflow/dags/green_cab_monthly.py for tasks to queue
[2026-02-10T21:41:26.925+0000] {logging_mixin.py:190} INFO - [2026-02-10T21:41:26.924+0000] {dagbag.py:588} INFO - Filling up the DagBag from /opt/airflow/dags/green_cab_monthly.py
[2026-02-10T21:41:27.115+0000] {processor.py:925} INFO - DAG(s) 'taxi_data_pipeline' retrieved from /opt/airflow/dags/green_cab_monthly.py
[2026-02-10T21:41:27.140+0000] {logging_mixin.py:190} INFO - [2026-02-10T21:41:27.140+0000] {dag.py:3239} INFO - Sync 1 DAGs
[2026-02-10T21:41:27.223+0000] {logging_mixin.py:190} INFO - [2026-02-10T21:41:27.223+0000] {dag.py:4180} INFO - Setting next_dagrun for taxi_data_pipeline to None, run_after=None
[2026-02-10T21:41:27.229+0000] {processor.py:208} INFO - Processing /opt/airflow/dags/green_cab_monthly.py took 0.320 seconds
[2026-02-10T21:41:57.601+0000] {processor.py:186} INFO - Started process (PID=283) to work on /opt/airflow/dags/green_cab_monthly.py
[2026-02-10T21:41:57.603+0000] {processor.py:914} INFO - Processing file /opt/airflow/dags/green_cab_monthly.py for tasks to queue
[2026-02-10T21:41:57.609+0000] {logging_mixin.py:190} INFO - [2026-02-10T21:41:57.609+0000] {dagbag.py:588} INFO - Filling up the DagBag from /opt/airflow/dags/green_cab_monthly.py
[2026-02-10T21:41:57.862+0000] {processor.py:925} INFO - DAG(s) 'taxi_data_pipeline' retrieved from /opt/airflow/dags/green_cab_monthly.py
[2026-02-10T21:41:58.006+0000] {logging_mixin.py:190} INFO - [2026-02-10T21:41:58.005+0000] {dag.py:3239} INFO - Sync 1 DAGs
[2026-02-10T21:41:58.011+0000] {logging_mixin.py:190} INFO - [2026-02-10T21:41:58.011+0000] {dag.py:4180} INFO - Setting next_dagrun for taxi_data_pipeline to None, run_after=None
[2026-02-10T21:41:58.020+0000] {processor.py:208} INFO - Processing /opt/airflow/dags/green_cab_monthly.py took 0.448 seconds
[2026-02-10T21:42:28.401+0000] {processor.py:186} INFO - Started process (PID=295) to work on /opt/airflow/dags/green_cab_monthly.py
[2026-02-10T21:42:28.402+0000] {processor.py:914} INFO - Processing file /opt/airflow/dags/green_cab_monthly.py for tasks to queue
[2026-02-10T21:42:28.406+0000] {logging_mixin.py:190} INFO - [2026-02-10T21:42:28.406+0000] {dagbag.py:588} INFO - Filling up the DagBag from /opt/airflow/dags/green_cab_monthly.py
[2026-02-10T21:42:28.677+0000] {processor.py:925} INFO - DAG(s) 'taxi_data_pipeline' retrieved from /opt/airflow/dags/green_cab_monthly.py
[2026-02-10T21:42:28.693+0000] {logging_mixin.py:190} INFO - [2026-02-10T21:42:28.693+0000] {dag.py:3239} INFO - Sync 1 DAGs
[2026-02-10T21:42:28.698+0000] {logging_mixin.py:190} INFO - [2026-02-10T21:42:28.698+0000] {dag.py:4180} INFO - Setting next_dagrun for taxi_data_pipeline to None, run_after=None
[2026-02-10T21:42:28.705+0000] {processor.py:208} INFO - Processing /opt/airflow/dags/green_cab_monthly.py took 0.316 seconds
[2026-02-10T21:42:59.100+0000] {processor.py:186} INFO - Started process (PID=307) to work on /opt/airflow/dags/green_cab_monthly.py
[2026-02-10T21:42:59.101+0000] {processor.py:914} INFO - Processing file /opt/airflow/dags/green_cab_monthly.py for tasks to queue
[2026-02-10T21:42:59.104+0000] {logging_mixin.py:190} INFO - [2026-02-10T21:42:59.103+0000] {dagbag.py:588} INFO - Filling up the DagBag from /opt/airflow/dags/green_cab_monthly.py
[2026-02-10T21:42:59.415+0000] {processor.py:925} INFO - DAG(s) 'taxi_data_pipeline' retrieved from /opt/airflow/dags/green_cab_monthly.py
[2026-02-10T21:42:59.433+0000] {logging_mixin.py:190} INFO - [2026-02-10T21:42:59.433+0000] {dag.py:3239} INFO - Sync 1 DAGs
[2026-02-10T21:42:59.437+0000] {logging_mixin.py:190} INFO - [2026-02-10T21:42:59.437+0000] {dag.py:4180} INFO - Setting next_dagrun for taxi_data_pipeline to None, run_after=None
[2026-02-10T21:42:59.447+0000] {processor.py:208} INFO - Processing /opt/airflow/dags/green_cab_monthly.py took 0.363 seconds
[2026-02-10T21:43:29.843+0000] {processor.py:186} INFO - Started process (PID=319) to work on /opt/airflow/dags/green_cab_monthly.py
[2026-02-10T21:43:29.844+0000] {processor.py:914} INFO - Processing file /opt/airflow/dags/green_cab_monthly.py for tasks to queue
[2026-02-10T21:43:29.846+0000] {logging_mixin.py:190} INFO - [2026-02-10T21:43:29.845+0000] {dagbag.py:588} INFO - Filling up the DagBag from /opt/airflow/dags/green_cab_monthly.py
[2026-02-10T21:43:29.998+0000] {processor.py:925} INFO - DAG(s) 'taxi_data_pipeline' retrieved from /opt/airflow/dags/green_cab_monthly.py
[2026-02-10T21:43:30.016+0000] {logging_mixin.py:190} INFO - [2026-02-10T21:43:30.015+0000] {dag.py:3239} INFO - Sync 1 DAGs
[2026-02-10T21:43:30.099+0000] {logging_mixin.py:190} INFO - [2026-02-10T21:43:30.099+0000] {dag.py:4180} INFO - Setting next_dagrun for taxi_data_pipeline to None, run_after=None
[2026-02-10T21:43:30.107+0000] {processor.py:208} INFO - Processing /opt/airflow/dags/green_cab_monthly.py took 0.274 seconds
[2026-02-10T21:44:00.550+0000] {processor.py:186} INFO - Started process (PID=331) to work on /opt/airflow/dags/green_cab_monthly.py
[2026-02-10T21:44:00.551+0000] {processor.py:914} INFO - Processing file /opt/airflow/dags/green_cab_monthly.py for tasks to queue
[2026-02-10T21:44:00.553+0000] {logging_mixin.py:190} INFO - [2026-02-10T21:44:00.552+0000] {dagbag.py:588} INFO - Filling up the DagBag from /opt/airflow/dags/green_cab_monthly.py
[2026-02-10T21:44:00.719+0000] {processor.py:925} INFO - DAG(s) 'taxi_data_pipeline' retrieved from /opt/airflow/dags/green_cab_monthly.py
[2026-02-10T21:44:00.808+0000] {logging_mixin.py:190} INFO - [2026-02-10T21:44:00.808+0000] {dag.py:3239} INFO - Sync 1 DAGs
[2026-02-10T21:44:00.813+0000] {logging_mixin.py:190} INFO - [2026-02-10T21:44:00.813+0000] {dag.py:4180} INFO - Setting next_dagrun for taxi_data_pipeline to None, run_after=None
[2026-02-10T21:44:00.820+0000] {processor.py:208} INFO - Processing /opt/airflow/dags/green_cab_monthly.py took 0.280 seconds
[2026-02-10T21:44:31.459+0000] {processor.py:186} INFO - Started process (PID=347) to work on /opt/airflow/dags/green_cab_monthly.py
[2026-02-10T21:44:31.460+0000] {processor.py:914} INFO - Processing file /opt/airflow/dags/green_cab_monthly.py for tasks to queue
[2026-02-10T21:44:31.463+0000] {logging_mixin.py:190} INFO - [2026-02-10T21:44:31.463+0000] {dagbag.py:588} INFO - Filling up the DagBag from /opt/airflow/dags/green_cab_monthly.py
[2026-02-10T21:44:31.801+0000] {processor.py:925} INFO - DAG(s) 'taxi_data_pipeline' retrieved from /opt/airflow/dags/green_cab_monthly.py
[2026-02-10T21:44:31.817+0000] {logging_mixin.py:190} INFO - [2026-02-10T21:44:31.817+0000] {dag.py:3239} INFO - Sync 1 DAGs
[2026-02-10T21:44:31.822+0000] {logging_mixin.py:190} INFO - [2026-02-10T21:44:31.822+0000] {dag.py:4180} INFO - Setting next_dagrun for taxi_data_pipeline to None, run_after=None
[2026-02-10T21:44:31.830+0000] {processor.py:208} INFO - Processing /opt/airflow/dags/green_cab_monthly.py took 0.385 seconds
[2026-02-10T21:45:01.908+0000] {processor.py:186} INFO - Started process (PID=376) to work on /opt/airflow/dags/green_cab_monthly.py
[2026-02-10T21:45:01.910+0000] {processor.py:914} INFO - Processing file /opt/airflow/dags/green_cab_monthly.py for tasks to queue
[2026-02-10T21:45:01.912+0000] {logging_mixin.py:190} INFO - [2026-02-10T21:45:01.911+0000] {dagbag.py:588} INFO - Filling up the DagBag from /opt/airflow/dags/green_cab_monthly.py
[2026-02-10T21:45:02.161+0000] {processor.py:925} INFO - DAG(s) 'taxi_data_pipeline' retrieved from /opt/airflow/dags/green_cab_monthly.py
[2026-02-10T21:45:02.178+0000] {logging_mixin.py:190} INFO - [2026-02-10T21:45:02.178+0000] {dag.py:3239} INFO - Sync 1 DAGs
[2026-02-10T21:45:02.182+0000] {logging_mixin.py:190} INFO - [2026-02-10T21:45:02.182+0000] {dag.py:4180} INFO - Setting next_dagrun for taxi_data_pipeline to None, run_after=None
[2026-02-10T21:45:02.192+0000] {processor.py:208} INFO - Processing /opt/airflow/dags/green_cab_monthly.py took 0.295 seconds
[2026-02-10T21:45:32.678+0000] {processor.py:186} INFO - Started process (PID=405) to work on /opt/airflow/dags/green_cab_monthly.py
[2026-02-10T21:45:32.679+0000] {processor.py:914} INFO - Processing file /opt/airflow/dags/green_cab_monthly.py for tasks to queue
[2026-02-10T21:45:32.682+0000] {logging_mixin.py:190} INFO - [2026-02-10T21:45:32.681+0000] {dagbag.py:588} INFO - Filling up the DagBag from /opt/airflow/dags/green_cab_monthly.py
[2026-02-10T21:45:32.958+0000] {processor.py:925} INFO - DAG(s) 'taxi_data_pipeline' retrieved from /opt/airflow/dags/green_cab_monthly.py
[2026-02-10T21:45:32.976+0000] {logging_mixin.py:190} INFO - [2026-02-10T21:45:32.976+0000] {dag.py:3239} INFO - Sync 1 DAGs
[2026-02-10T21:45:32.984+0000] {logging_mixin.py:190} INFO - [2026-02-10T21:45:32.984+0000] {dag.py:4180} INFO - Setting next_dagrun for taxi_data_pipeline to None, run_after=None
[2026-02-10T21:45:32.990+0000] {processor.py:208} INFO - Processing /opt/airflow/dags/green_cab_monthly.py took 0.324 seconds
[2026-02-10T21:46:03.407+0000] {processor.py:186} INFO - Started process (PID=417) to work on /opt/airflow/dags/green_cab_monthly.py
[2026-02-10T21:46:03.409+0000] {processor.py:914} INFO - Processing file /opt/airflow/dags/green_cab_monthly.py for tasks to queue
[2026-02-10T21:46:03.411+0000] {logging_mixin.py:190} INFO - [2026-02-10T21:46:03.411+0000] {dagbag.py:588} INFO - Filling up the DagBag from /opt/airflow/dags/green_cab_monthly.py
[2026-02-10T21:46:03.619+0000] {processor.py:925} INFO - DAG(s) 'taxi_data_pipeline' retrieved from /opt/airflow/dags/green_cab_monthly.py
[2026-02-10T21:46:03.752+0000] {logging_mixin.py:190} INFO - [2026-02-10T21:46:03.751+0000] {dag.py:3239} INFO - Sync 1 DAGs
[2026-02-10T21:46:03.757+0000] {logging_mixin.py:190} INFO - [2026-02-10T21:46:03.757+0000] {dag.py:4180} INFO - Setting next_dagrun for taxi_data_pipeline to None, run_after=None
[2026-02-10T21:46:03.766+0000] {processor.py:208} INFO - Processing /opt/airflow/dags/green_cab_monthly.py took 0.371 seconds
[2026-02-10T21:46:34.173+0000] {processor.py:186} INFO - Started process (PID=429) to work on /opt/airflow/dags/green_cab_monthly.py
[2026-02-10T21:46:34.175+0000] {processor.py:914} INFO - Processing file /opt/airflow/dags/green_cab_monthly.py for tasks to queue
[2026-02-10T21:46:34.179+0000] {logging_mixin.py:190} INFO - [2026-02-10T21:46:34.179+0000] {dagbag.py:588} INFO - Filling up the DagBag from /opt/airflow/dags/green_cab_monthly.py
[2026-02-10T21:46:34.404+0000] {processor.py:925} INFO - DAG(s) 'taxi_data_pipeline' retrieved from /opt/airflow/dags/green_cab_monthly.py
[2026-02-10T21:46:34.424+0000] {logging_mixin.py:190} INFO - [2026-02-10T21:46:34.424+0000] {dag.py:3239} INFO - Sync 1 DAGs
[2026-02-10T21:46:34.428+0000] {logging_mixin.py:190} INFO - [2026-02-10T21:46:34.428+0000] {dag.py:4180} INFO - Setting next_dagrun for taxi_data_pipeline to None, run_after=None
[2026-02-10T21:46:34.433+0000] {processor.py:208} INFO - Processing /opt/airflow/dags/green_cab_monthly.py took 0.277 seconds
[2026-02-10T21:47:04.900+0000] {processor.py:186} INFO - Started process (PID=441) to work on /opt/airflow/dags/green_cab_monthly.py
[2026-02-10T21:47:04.900+0000] {processor.py:914} INFO - Processing file /opt/airflow/dags/green_cab_monthly.py for tasks to queue
[2026-02-10T21:47:04.902+0000] {logging_mixin.py:190} INFO - [2026-02-10T21:47:04.902+0000] {dagbag.py:588} INFO - Filling up the DagBag from /opt/airflow/dags/green_cab_monthly.py
[2026-02-10T21:47:05.135+0000] {processor.py:925} INFO - DAG(s) 'taxi_data_pipeline' retrieved from /opt/airflow/dags/green_cab_monthly.py
[2026-02-10T21:47:05.152+0000] {logging_mixin.py:190} INFO - [2026-02-10T21:47:05.152+0000] {dag.py:3239} INFO - Sync 1 DAGs
[2026-02-10T21:47:05.157+0000] {logging_mixin.py:190} INFO - [2026-02-10T21:47:05.157+0000] {dag.py:4180} INFO - Setting next_dagrun for taxi_data_pipeline to None, run_after=None
[2026-02-10T21:47:05.164+0000] {processor.py:208} INFO - Processing /opt/airflow/dags/green_cab_monthly.py took 0.273 seconds
[2026-02-10T21:47:35.546+0000] {processor.py:186} INFO - Started process (PID=453) to work on /opt/airflow/dags/green_cab_monthly.py
[2026-02-10T21:47:35.547+0000] {processor.py:914} INFO - Processing file /opt/airflow/dags/green_cab_monthly.py for tasks to queue
[2026-02-10T21:47:35.550+0000] {logging_mixin.py:190} INFO - [2026-02-10T21:47:35.549+0000] {dagbag.py:588} INFO - Filling up the DagBag from /opt/airflow/dags/green_cab_monthly.py
[2026-02-10T21:47:35.818+0000] {processor.py:925} INFO - DAG(s) 'taxi_data_pipeline' retrieved from /opt/airflow/dags/green_cab_monthly.py
[2026-02-10T21:47:35.836+0000] {logging_mixin.py:190} INFO - [2026-02-10T21:47:35.835+0000] {dag.py:3239} INFO - Sync 1 DAGs
[2026-02-10T21:47:35.842+0000] {logging_mixin.py:190} INFO - [2026-02-10T21:47:35.842+0000] {dag.py:4180} INFO - Setting next_dagrun for taxi_data_pipeline to None, run_after=None
[2026-02-10T21:47:35.849+0000] {processor.py:208} INFO - Processing /opt/airflow/dags/green_cab_monthly.py took 0.318 seconds
[2026-02-10T21:48:06.278+0000] {processor.py:186} INFO - Started process (PID=465) to work on /opt/airflow/dags/green_cab_monthly.py
[2026-02-10T21:48:06.279+0000] {processor.py:914} INFO - Processing file /opt/airflow/dags/green_cab_monthly.py for tasks to queue
[2026-02-10T21:48:06.281+0000] {logging_mixin.py:190} INFO - [2026-02-10T21:48:06.281+0000] {dagbag.py:588} INFO - Filling up the DagBag from /opt/airflow/dags/green_cab_monthly.py
[2026-02-10T21:48:06.469+0000] {processor.py:925} INFO - DAG(s) 'taxi_data_pipeline' retrieved from /opt/airflow/dags/green_cab_monthly.py
[2026-02-10T21:48:06.581+0000] {logging_mixin.py:190} INFO - [2026-02-10T21:48:06.580+0000] {dag.py:3239} INFO - Sync 1 DAGs
[2026-02-10T21:48:06.585+0000] {logging_mixin.py:190} INFO - [2026-02-10T21:48:06.585+0000] {dag.py:4180} INFO - Setting next_dagrun for taxi_data_pipeline to None, run_after=None
[2026-02-10T21:48:06.593+0000] {processor.py:208} INFO - Processing /opt/airflow/dags/green_cab_monthly.py took 0.326 seconds
[2026-02-10T21:48:36.976+0000] {processor.py:186} INFO - Started process (PID=477) to work on /opt/airflow/dags/green_cab_monthly.py
[2026-02-10T21:48:36.976+0000] {processor.py:914} INFO - Processing file /opt/airflow/dags/green_cab_monthly.py for tasks to queue
[2026-02-10T21:48:36.978+0000] {logging_mixin.py:190} INFO - [2026-02-10T21:48:36.978+0000] {dagbag.py:588} INFO - Filling up the DagBag from /opt/airflow/dags/green_cab_monthly.py
[2026-02-10T21:48:37.226+0000] {processor.py:925} INFO - DAG(s) 'taxi_data_pipeline' retrieved from /opt/airflow/dags/green_cab_monthly.py
[2026-02-10T21:48:37.244+0000] {logging_mixin.py:190} INFO - [2026-02-10T21:48:37.244+0000] {dag.py:3239} INFO - Sync 1 DAGs
[2026-02-10T21:48:37.248+0000] {logging_mixin.py:190} INFO - [2026-02-10T21:48:37.248+0000] {dag.py:4180} INFO - Setting next_dagrun for taxi_data_pipeline to None, run_after=None
[2026-02-10T21:48:37.256+0000] {processor.py:208} INFO - Processing /opt/airflow/dags/green_cab_monthly.py took 0.288 seconds
[2026-02-10T21:49:07.680+0000] {processor.py:186} INFO - Started process (PID=489) to work on /opt/airflow/dags/green_cab_monthly.py
[2026-02-10T21:49:07.680+0000] {processor.py:914} INFO - Processing file /opt/airflow/dags/green_cab_monthly.py for tasks to queue
[2026-02-10T21:49:07.682+0000] {logging_mixin.py:190} INFO - [2026-02-10T21:49:07.681+0000] {dagbag.py:588} INFO - Filling up the DagBag from /opt/airflow/dags/green_cab_monthly.py
[2026-02-10T21:49:07.902+0000] {processor.py:925} INFO - DAG(s) 'taxi_data_pipeline' retrieved from /opt/airflow/dags/green_cab_monthly.py
[2026-02-10T21:49:07.917+0000] {logging_mixin.py:190} INFO - [2026-02-10T21:49:07.916+0000] {dag.py:3239} INFO - Sync 1 DAGs
[2026-02-10T21:49:07.921+0000] {logging_mixin.py:190} INFO - [2026-02-10T21:49:07.921+0000] {dag.py:4180} INFO - Setting next_dagrun for taxi_data_pipeline to None, run_after=None
[2026-02-10T21:49:07.928+0000] {processor.py:208} INFO - Processing /opt/airflow/dags/green_cab_monthly.py took 0.256 seconds
[2026-02-10T21:49:38.382+0000] {processor.py:186} INFO - Started process (PID=501) to work on /opt/airflow/dags/green_cab_monthly.py
[2026-02-10T21:49:38.384+0000] {processor.py:914} INFO - Processing file /opt/airflow/dags/green_cab_monthly.py for tasks to queue
[2026-02-10T21:49:38.387+0000] {logging_mixin.py:190} INFO - [2026-02-10T21:49:38.386+0000] {dagbag.py:588} INFO - Filling up the DagBag from /opt/airflow/dags/green_cab_monthly.py
[2026-02-10T21:49:38.685+0000] {processor.py:925} INFO - DAG(s) 'taxi_data_pipeline' retrieved from /opt/airflow/dags/green_cab_monthly.py
[2026-02-10T21:49:38.704+0000] {logging_mixin.py:190} INFO - [2026-02-10T21:49:38.703+0000] {dag.py:3239} INFO - Sync 1 DAGs
[2026-02-10T21:49:38.711+0000] {logging_mixin.py:190} INFO - [2026-02-10T21:49:38.711+0000] {dag.py:4180} INFO - Setting next_dagrun for taxi_data_pipeline to None, run_after=None
[2026-02-10T21:49:38.719+0000] {processor.py:208} INFO - Processing /opt/airflow/dags/green_cab_monthly.py took 0.347 seconds
[2026-02-10T21:50:09.052+0000] {processor.py:186} INFO - Started process (PID=530) to work on /opt/airflow/dags/green_cab_monthly.py
[2026-02-10T21:50:09.053+0000] {processor.py:914} INFO - Processing file /opt/airflow/dags/green_cab_monthly.py for tasks to queue
[2026-02-10T21:50:09.056+0000] {logging_mixin.py:190} INFO - [2026-02-10T21:50:09.055+0000] {dagbag.py:588} INFO - Filling up the DagBag from /opt/airflow/dags/green_cab_monthly.py
[2026-02-10T21:50:09.228+0000] {processor.py:925} INFO - DAG(s) 'taxi_data_pipeline' retrieved from /opt/airflow/dags/green_cab_monthly.py
[2026-02-10T21:50:09.335+0000] {logging_mixin.py:190} INFO - [2026-02-10T21:50:09.335+0000] {dag.py:3239} INFO - Sync 1 DAGs
[2026-02-10T21:50:09.340+0000] {logging_mixin.py:190} INFO - [2026-02-10T21:50:09.339+0000] {dag.py:4180} INFO - Setting next_dagrun for taxi_data_pipeline to None, run_after=None
[2026-02-10T21:50:09.348+0000] {processor.py:208} INFO - Processing /opt/airflow/dags/green_cab_monthly.py took 0.305 seconds
[2026-02-10T21:50:39.803+0000] {processor.py:186} INFO - Started process (PID=546) to work on /opt/airflow/dags/green_cab_monthly.py
[2026-02-10T21:50:39.805+0000] {processor.py:914} INFO - Processing file /opt/airflow/dags/green_cab_monthly.py for tasks to queue
[2026-02-10T21:50:39.807+0000] {logging_mixin.py:190} INFO - [2026-02-10T21:50:39.807+0000] {dagbag.py:588} INFO - Filling up the DagBag from /opt/airflow/dags/green_cab_monthly.py
[2026-02-10T21:50:40.137+0000] {processor.py:925} INFO - DAG(s) 'taxi_data_pipeline' retrieved from /opt/airflow/dags/green_cab_monthly.py
[2026-02-10T21:50:40.159+0000] {logging_mixin.py:190} INFO - [2026-02-10T21:50:40.159+0000] {dag.py:3239} INFO - Sync 1 DAGs
[2026-02-10T21:50:40.165+0000] {logging_mixin.py:190} INFO - [2026-02-10T21:50:40.165+0000] {dag.py:4180} INFO - Setting next_dagrun for taxi_data_pipeline to None, run_after=None
[2026-02-10T21:50:40.173+0000] {processor.py:208} INFO - Processing /opt/airflow/dags/green_cab_monthly.py took 0.386 seconds
[2026-02-10T21:51:10.519+0000] {processor.py:186} INFO - Started process (PID=558) to work on /opt/airflow/dags/green_cab_monthly.py
[2026-02-10T21:51:10.520+0000] {processor.py:914} INFO - Processing file /opt/airflow/dags/green_cab_monthly.py for tasks to queue
[2026-02-10T21:51:10.522+0000] {logging_mixin.py:190} INFO - [2026-02-10T21:51:10.521+0000] {dagbag.py:588} INFO - Filling up the DagBag from /opt/airflow/dags/green_cab_monthly.py
[2026-02-10T21:51:10.758+0000] {processor.py:925} INFO - DAG(s) 'taxi_data_pipeline' retrieved from /opt/airflow/dags/green_cab_monthly.py
[2026-02-10T21:51:10.774+0000] {logging_mixin.py:190} INFO - [2026-02-10T21:51:10.774+0000] {dag.py:3239} INFO - Sync 1 DAGs
[2026-02-10T21:51:10.779+0000] {logging_mixin.py:190} INFO - [2026-02-10T21:51:10.779+0000] {dag.py:4180} INFO - Setting next_dagrun for taxi_data_pipeline to None, run_after=None
[2026-02-10T21:51:10.854+0000] {processor.py:208} INFO - Processing /opt/airflow/dags/green_cab_monthly.py took 0.341 seconds
[2026-02-10T21:51:41.239+0000] {processor.py:186} INFO - Started process (PID=570) to work on /opt/airflow/dags/green_cab_monthly.py
[2026-02-10T21:51:41.240+0000] {processor.py:914} INFO - Processing file /opt/airflow/dags/green_cab_monthly.py for tasks to queue
[2026-02-10T21:51:41.242+0000] {logging_mixin.py:190} INFO - [2026-02-10T21:51:41.241+0000] {dagbag.py:588} INFO - Filling up the DagBag from /opt/airflow/dags/green_cab_monthly.py
[2026-02-10T21:51:41.466+0000] {processor.py:925} INFO - DAG(s) 'taxi_data_pipeline' retrieved from /opt/airflow/dags/green_cab_monthly.py
[2026-02-10T21:51:41.480+0000] {logging_mixin.py:190} INFO - [2026-02-10T21:51:41.480+0000] {dag.py:3239} INFO - Sync 1 DAGs
[2026-02-10T21:51:41.485+0000] {logging_mixin.py:190} INFO - [2026-02-10T21:51:41.485+0000] {dag.py:4180} INFO - Setting next_dagrun for taxi_data_pipeline to None, run_after=None
[2026-02-10T21:51:41.492+0000] {processor.py:208} INFO - Processing /opt/airflow/dags/green_cab_monthly.py took 0.262 seconds
[2026-02-10T21:52:11.854+0000] {processor.py:186} INFO - Started process (PID=582) to work on /opt/airflow/dags/green_cab_monthly.py
[2026-02-10T21:52:11.855+0000] {processor.py:914} INFO - Processing file /opt/airflow/dags/green_cab_monthly.py for tasks to queue
[2026-02-10T21:52:11.857+0000] {logging_mixin.py:190} INFO - [2026-02-10T21:52:11.856+0000] {dagbag.py:588} INFO - Filling up the DagBag from /opt/airflow/dags/green_cab_monthly.py
[2026-02-10T21:52:12.037+0000] {processor.py:925} INFO - DAG(s) 'taxi_data_pipeline' retrieved from /opt/airflow/dags/green_cab_monthly.py
[2026-02-10T21:52:12.203+0000] {logging_mixin.py:190} INFO - [2026-02-10T21:52:12.203+0000] {dag.py:3239} INFO - Sync 1 DAGs
[2026-02-10T21:52:12.214+0000] {logging_mixin.py:190} INFO - [2026-02-10T21:52:12.214+0000] {dag.py:4180} INFO - Setting next_dagrun for taxi_data_pipeline to None, run_after=None
[2026-02-10T21:52:12.224+0000] {processor.py:208} INFO - Processing /opt/airflow/dags/green_cab_monthly.py took 0.378 seconds
[2026-02-10T21:52:42.632+0000] {processor.py:186} INFO - Started process (PID=594) to work on /opt/airflow/dags/green_cab_monthly.py
[2026-02-10T21:52:42.633+0000] {processor.py:914} INFO - Processing file /opt/airflow/dags/green_cab_monthly.py for tasks to queue
[2026-02-10T21:52:42.635+0000] {logging_mixin.py:190} INFO - [2026-02-10T21:52:42.635+0000] {dagbag.py:588} INFO - Filling up the DagBag from /opt/airflow/dags/green_cab_monthly.py
[2026-02-10T21:52:42.900+0000] {processor.py:925} INFO - DAG(s) 'taxi_data_pipeline' retrieved from /opt/airflow/dags/green_cab_monthly.py
[2026-02-10T21:52:42.917+0000] {logging_mixin.py:190} INFO - [2026-02-10T21:52:42.917+0000] {dag.py:3239} INFO - Sync 1 DAGs
[2026-02-10T21:52:42.922+0000] {logging_mixin.py:190} INFO - [2026-02-10T21:52:42.921+0000] {dag.py:4180} INFO - Setting next_dagrun for taxi_data_pipeline to None, run_after=None
[2026-02-10T21:52:42.930+0000] {processor.py:208} INFO - Processing /opt/airflow/dags/green_cab_monthly.py took 0.308 seconds
[2026-02-10T21:53:13.275+0000] {processor.py:186} INFO - Started process (PID=606) to work on /opt/airflow/dags/green_cab_monthly.py
[2026-02-10T21:53:13.276+0000] {processor.py:914} INFO - Processing file /opt/airflow/dags/green_cab_monthly.py for tasks to queue
[2026-02-10T21:53:13.279+0000] {logging_mixin.py:190} INFO - [2026-02-10T21:53:13.278+0000] {dagbag.py:588} INFO - Filling up the DagBag from /opt/airflow/dags/green_cab_monthly.py
[2026-02-10T21:53:13.525+0000] {processor.py:925} INFO - DAG(s) 'taxi_data_pipeline' retrieved from /opt/airflow/dags/green_cab_monthly.py
[2026-02-10T21:53:13.542+0000] {logging_mixin.py:190} INFO - [2026-02-10T21:53:13.542+0000] {dag.py:3239} INFO - Sync 1 DAGs
[2026-02-10T21:53:13.547+0000] {logging_mixin.py:190} INFO - [2026-02-10T21:53:13.547+0000] {dag.py:4180} INFO - Setting next_dagrun for taxi_data_pipeline to None, run_after=None
[2026-02-10T21:53:13.555+0000] {processor.py:208} INFO - Processing /opt/airflow/dags/green_cab_monthly.py took 0.292 seconds
[2026-02-10T21:53:43.942+0000] {processor.py:186} INFO - Started process (PID=618) to work on /opt/airflow/dags/green_cab_monthly.py
[2026-02-10T21:53:43.943+0000] {processor.py:914} INFO - Processing file /opt/airflow/dags/green_cab_monthly.py for tasks to queue
[2026-02-10T21:53:43.944+0000] {logging_mixin.py:190} INFO - [2026-02-10T21:53:43.944+0000] {dagbag.py:588} INFO - Filling up the DagBag from /opt/airflow/dags/green_cab_monthly.py
[2026-02-10T21:53:44.171+0000] {processor.py:925} INFO - DAG(s) 'taxi_data_pipeline' retrieved from /opt/airflow/dags/green_cab_monthly.py
[2026-02-10T21:53:44.187+0000] {logging_mixin.py:190} INFO - [2026-02-10T21:53:44.186+0000] {dag.py:3239} INFO - Sync 1 DAGs
[2026-02-10T21:53:44.192+0000] {logging_mixin.py:190} INFO - [2026-02-10T21:53:44.192+0000] {dag.py:4180} INFO - Setting next_dagrun for taxi_data_pipeline to None, run_after=None
[2026-02-10T21:53:44.200+0000] {processor.py:208} INFO - Processing /opt/airflow/dags/green_cab_monthly.py took 0.267 seconds
[2026-02-10T21:54:14.616+0000] {processor.py:186} INFO - Started process (PID=630) to work on /opt/airflow/dags/green_cab_monthly.py
[2026-02-10T21:54:14.617+0000] {processor.py:914} INFO - Processing file /opt/airflow/dags/green_cab_monthly.py for tasks to queue
[2026-02-10T21:54:14.620+0000] {logging_mixin.py:190} INFO - [2026-02-10T21:54:14.620+0000] {dagbag.py:588} INFO - Filling up the DagBag from /opt/airflow/dags/green_cab_monthly.py
[2026-02-10T21:54:14.814+0000] {processor.py:925} INFO - DAG(s) 'taxi_data_pipeline' retrieved from /opt/airflow/dags/green_cab_monthly.py
[2026-02-10T21:54:14.929+0000] {logging_mixin.py:190} INFO - [2026-02-10T21:54:14.929+0000] {dag.py:3239} INFO - Sync 1 DAGs
[2026-02-10T21:54:14.935+0000] {logging_mixin.py:190} INFO - [2026-02-10T21:54:14.935+0000] {dag.py:4180} INFO - Setting next_dagrun for taxi_data_pipeline to None, run_after=None
[2026-02-10T21:54:14.942+0000] {processor.py:208} INFO - Processing /opt/airflow/dags/green_cab_monthly.py took 0.340 seconds
[2026-02-10T21:54:45.303+0000] {processor.py:186} INFO - Started process (PID=676) to work on /opt/airflow/dags/green_cab_monthly.py
[2026-02-10T21:54:45.305+0000] {processor.py:914} INFO - Processing file /opt/airflow/dags/green_cab_monthly.py for tasks to queue
[2026-02-10T21:54:45.308+0000] {logging_mixin.py:190} INFO - [2026-02-10T21:54:45.308+0000] {dagbag.py:588} INFO - Filling up the DagBag from /opt/airflow/dags/green_cab_monthly.py
[2026-02-10T21:54:45.699+0000] {processor.py:925} INFO - DAG(s) 'taxi_data_pipeline' retrieved from /opt/airflow/dags/green_cab_monthly.py
[2026-02-10T21:54:45.719+0000] {logging_mixin.py:190} INFO - [2026-02-10T21:54:45.718+0000] {dag.py:3239} INFO - Sync 1 DAGs
[2026-02-10T21:54:45.724+0000] {logging_mixin.py:190} INFO - [2026-02-10T21:54:45.724+0000] {dag.py:4180} INFO - Setting next_dagrun for taxi_data_pipeline to None, run_after=None
[2026-02-10T21:54:45.732+0000] {processor.py:208} INFO - Processing /opt/airflow/dags/green_cab_monthly.py took 0.452 seconds
[2026-02-10T21:55:16.096+0000] {processor.py:186} INFO - Started process (PID=688) to work on /opt/airflow/dags/green_cab_monthly.py
[2026-02-10T21:55:16.097+0000] {processor.py:914} INFO - Processing file /opt/airflow/dags/green_cab_monthly.py for tasks to queue
[2026-02-10T21:55:16.099+0000] {logging_mixin.py:190} INFO - [2026-02-10T21:55:16.099+0000] {dagbag.py:588} INFO - Filling up the DagBag from /opt/airflow/dags/green_cab_monthly.py
[2026-02-10T21:55:16.399+0000] {processor.py:925} INFO - DAG(s) 'taxi_data_pipeline' retrieved from /opt/airflow/dags/green_cab_monthly.py
[2026-02-10T21:55:16.425+0000] {logging_mixin.py:190} INFO - [2026-02-10T21:55:16.424+0000] {dag.py:3239} INFO - Sync 1 DAGs
[2026-02-10T21:55:16.431+0000] {logging_mixin.py:190} INFO - [2026-02-10T21:55:16.431+0000] {dag.py:4180} INFO - Setting next_dagrun for taxi_data_pipeline to None, run_after=None
[2026-02-10T21:55:16.440+0000] {processor.py:208} INFO - Processing /opt/airflow/dags/green_cab_monthly.py took 0.357 seconds
