[2026-02-10T21:35:17.522+0000] {processor.py:186} INFO - Started process (PID=34) to work on /opt/airflow/dags/monthly_archival.py
[2026-02-10T21:35:17.523+0000] {processor.py:914} INFO - Processing file /opt/airflow/dags/monthly_archival.py for tasks to queue
[2026-02-10T21:35:17.525+0000] {logging_mixin.py:190} INFO - [2026-02-10T21:35:17.524+0000] {dagbag.py:588} INFO - Filling up the DagBag from /opt/airflow/dags/monthly_archival.py
[2026-02-10T21:35:18.299+0000] {logging_mixin.py:190} INFO - [2026-02-10T21:35:18.298+0000] {dagbag.py:387} ERROR - Failed to import: /opt/airflow/dags/monthly_archival.py
Traceback (most recent call last):
  File "/home/airflow/.local/lib/python3.11/site-packages/airflow/models/dagbag.py", line 383, in parse
    loader.exec_module(new_module)
  File "<frozen importlib._bootstrap_external>", line 940, in exec_module
  File "<frozen importlib._bootstrap>", line 241, in _call_with_frames_removed
  File "/opt/airflow/dags/monthly_archival.py", line 18, in <module>
    import psycopg
ModuleNotFoundError: No module named 'psycopg'
[2026-02-10T21:35:18.299+0000] {processor.py:927} WARNING - No viable dags retrieved from /opt/airflow/dags/monthly_archival.py
[2026-02-10T21:35:18.311+0000] {processor.py:208} INFO - Processing /opt/airflow/dags/monthly_archival.py took 0.792 seconds
[2026-02-10T21:35:48.627+0000] {processor.py:186} INFO - Started process (PID=79) to work on /opt/airflow/dags/monthly_archival.py
[2026-02-10T21:35:48.628+0000] {processor.py:914} INFO - Processing file /opt/airflow/dags/monthly_archival.py for tasks to queue
[2026-02-10T21:35:48.631+0000] {logging_mixin.py:190} INFO - [2026-02-10T21:35:48.631+0000] {dagbag.py:588} INFO - Filling up the DagBag from /opt/airflow/dags/monthly_archival.py
[2026-02-10T21:35:48.864+0000] {logging_mixin.py:190} INFO - [2026-02-10T21:35:48.862+0000] {dagbag.py:387} ERROR - Failed to import: /opt/airflow/dags/monthly_archival.py
Traceback (most recent call last):
  File "/home/airflow/.local/lib/python3.11/site-packages/airflow/models/dagbag.py", line 383, in parse
    loader.exec_module(new_module)
  File "<frozen importlib._bootstrap_external>", line 940, in exec_module
  File "<frozen importlib._bootstrap>", line 241, in _call_with_frames_removed
  File "/opt/airflow/dags/monthly_archival.py", line 18, in <module>
    import psycopg
ModuleNotFoundError: No module named 'psycopg'
[2026-02-10T21:35:48.865+0000] {processor.py:927} WARNING - No viable dags retrieved from /opt/airflow/dags/monthly_archival.py
[2026-02-10T21:35:48.878+0000] {processor.py:208} INFO - Processing /opt/airflow/dags/monthly_archival.py took 0.271 seconds
[2026-02-10T21:36:19.307+0000] {processor.py:186} INFO - Started process (PID=90) to work on /opt/airflow/dags/monthly_archival.py
[2026-02-10T21:36:19.308+0000] {processor.py:914} INFO - Processing file /opt/airflow/dags/monthly_archival.py for tasks to queue
[2026-02-10T21:36:19.311+0000] {logging_mixin.py:190} INFO - [2026-02-10T21:36:19.310+0000] {dagbag.py:588} INFO - Filling up the DagBag from /opt/airflow/dags/monthly_archival.py
[2026-02-10T21:36:19.445+0000] {logging_mixin.py:190} INFO - [2026-02-10T21:36:19.444+0000] {dagbag.py:387} ERROR - Failed to import: /opt/airflow/dags/monthly_archival.py
Traceback (most recent call last):
  File "/home/airflow/.local/lib/python3.11/site-packages/airflow/models/dagbag.py", line 383, in parse
    loader.exec_module(new_module)
  File "<frozen importlib._bootstrap_external>", line 940, in exec_module
  File "<frozen importlib._bootstrap>", line 241, in _call_with_frames_removed
  File "/opt/airflow/dags/monthly_archival.py", line 18, in <module>
    import psycopg
ModuleNotFoundError: No module named 'psycopg'
[2026-02-10T21:36:19.445+0000] {processor.py:927} WARNING - No viable dags retrieved from /opt/airflow/dags/monthly_archival.py
[2026-02-10T21:36:19.461+0000] {processor.py:208} INFO - Processing /opt/airflow/dags/monthly_archival.py took 0.161 seconds
[2026-02-10T21:36:49.817+0000] {processor.py:186} INFO - Started process (PID=129) to work on /opt/airflow/dags/monthly_archival.py
[2026-02-10T21:36:49.817+0000] {processor.py:914} INFO - Processing file /opt/airflow/dags/monthly_archival.py for tasks to queue
[2026-02-10T21:36:49.820+0000] {logging_mixin.py:190} INFO - [2026-02-10T21:36:49.819+0000] {dagbag.py:588} INFO - Filling up the DagBag from /opt/airflow/dags/monthly_archival.py
[2026-02-10T21:36:50.204+0000] {processor.py:925} INFO - DAG(s) 'monthly_archival_pipeline' retrieved from /opt/airflow/dags/monthly_archival.py
[2026-02-10T21:36:50.251+0000] {logging_mixin.py:190} INFO - [2026-02-10T21:36:50.251+0000] {override.py:1911} INFO - Created Permission View: can read on DAG:monthly_archival_pipeline
[2026-02-10T21:36:50.255+0000] {logging_mixin.py:190} INFO - [2026-02-10T21:36:50.255+0000] {override.py:1911} INFO - Created Permission View: can edit on DAG:monthly_archival_pipeline
[2026-02-10T21:36:50.257+0000] {logging_mixin.py:190} INFO - [2026-02-10T21:36:50.257+0000] {override.py:1911} INFO - Created Permission View: can delete on DAG:monthly_archival_pipeline
[2026-02-10T21:36:50.261+0000] {logging_mixin.py:190} INFO - [2026-02-10T21:36:50.261+0000] {override.py:1911} INFO - Created Permission View: menu access on DAG Run:monthly_archival_pipeline
[2026-02-10T21:36:50.263+0000] {logging_mixin.py:190} INFO - [2026-02-10T21:36:50.263+0000] {override.py:1911} INFO - Created Permission View: can read on DAG Run:monthly_archival_pipeline
[2026-02-10T21:36:50.266+0000] {logging_mixin.py:190} INFO - [2026-02-10T21:36:50.265+0000] {override.py:1911} INFO - Created Permission View: can create on DAG Run:monthly_archival_pipeline
[2026-02-10T21:36:50.268+0000] {logging_mixin.py:190} INFO - [2026-02-10T21:36:50.268+0000] {override.py:1911} INFO - Created Permission View: can delete on DAG Run:monthly_archival_pipeline
[2026-02-10T21:36:50.269+0000] {logging_mixin.py:190} INFO - [2026-02-10T21:36:50.269+0000] {dag.py:3239} INFO - Sync 1 DAGs
[2026-02-10T21:36:50.274+0000] {logging_mixin.py:190} INFO - [2026-02-10T21:36:50.274+0000] {dag.py:3262} INFO - Creating ORM DAG for monthly_archival_pipeline
[2026-02-10T21:36:50.274+0000] {logging_mixin.py:190} INFO - [2026-02-10T21:36:50.274+0000] {dag.py:4180} INFO - Setting next_dagrun for monthly_archival_pipeline to None, run_after=None
[2026-02-10T21:36:50.282+0000] {processor.py:208} INFO - Processing /opt/airflow/dags/monthly_archival.py took 0.474 seconds
[2026-02-10T21:37:20.614+0000] {processor.py:186} INFO - Started process (PID=142) to work on /opt/airflow/dags/monthly_archival.py
[2026-02-10T21:37:20.616+0000] {processor.py:914} INFO - Processing file /opt/airflow/dags/monthly_archival.py for tasks to queue
[2026-02-10T21:37:20.622+0000] {logging_mixin.py:190} INFO - [2026-02-10T21:37:20.621+0000] {dagbag.py:588} INFO - Filling up the DagBag from /opt/airflow/dags/monthly_archival.py
[2026-02-10T21:37:20.945+0000] {processor.py:925} INFO - DAG(s) 'monthly_archival_pipeline' retrieved from /opt/airflow/dags/monthly_archival.py
[2026-02-10T21:37:20.967+0000] {logging_mixin.py:190} INFO - [2026-02-10T21:37:20.967+0000] {dag.py:3239} INFO - Sync 1 DAGs
[2026-02-10T21:37:21.127+0000] {logging_mixin.py:190} INFO - [2026-02-10T21:37:21.127+0000] {dag.py:4180} INFO - Setting next_dagrun for monthly_archival_pipeline to None, run_after=None
[2026-02-10T21:37:21.138+0000] {processor.py:208} INFO - Processing /opt/airflow/dags/monthly_archival.py took 0.541 seconds
[2026-02-10T21:37:51.548+0000] {processor.py:186} INFO - Started process (PID=154) to work on /opt/airflow/dags/monthly_archival.py
[2026-02-10T21:37:51.548+0000] {processor.py:914} INFO - Processing file /opt/airflow/dags/monthly_archival.py for tasks to queue
[2026-02-10T21:37:51.550+0000] {logging_mixin.py:190} INFO - [2026-02-10T21:37:51.550+0000] {dagbag.py:588} INFO - Filling up the DagBag from /opt/airflow/dags/monthly_archival.py
[2026-02-10T21:37:51.700+0000] {processor.py:925} INFO - DAG(s) 'monthly_archival_pipeline' retrieved from /opt/airflow/dags/monthly_archival.py
[2026-02-10T21:37:51.797+0000] {logging_mixin.py:190} INFO - [2026-02-10T21:37:51.796+0000] {dag.py:3239} INFO - Sync 1 DAGs
[2026-02-10T21:37:51.807+0000] {logging_mixin.py:190} INFO - [2026-02-10T21:37:51.807+0000] {dag.py:4180} INFO - Setting next_dagrun for monthly_archival_pipeline to None, run_after=None
[2026-02-10T21:37:51.814+0000] {processor.py:208} INFO - Processing /opt/airflow/dags/monthly_archival.py took 0.276 seconds
[2026-02-10T21:38:00.156+0000] {processor.py:186} INFO - Started process (PID=166) to work on /opt/airflow/dags/monthly_archival.py
[2026-02-10T21:38:00.157+0000] {processor.py:914} INFO - Processing file /opt/airflow/dags/monthly_archival.py for tasks to queue
[2026-02-10T21:38:00.159+0000] {logging_mixin.py:190} INFO - [2026-02-10T21:38:00.158+0000] {dagbag.py:588} INFO - Filling up the DagBag from /opt/airflow/dags/monthly_archival.py
[2026-02-10T21:38:00.314+0000] {processor.py:925} INFO - DAG(s) 'monthly_archival_pipeline' retrieved from /opt/airflow/dags/monthly_archival.py
[2026-02-10T21:38:00.418+0000] {logging_mixin.py:190} INFO - [2026-02-10T21:38:00.418+0000] {dag.py:3239} INFO - Sync 1 DAGs
[2026-02-10T21:38:00.422+0000] {logging_mixin.py:190} INFO - [2026-02-10T21:38:00.422+0000] {dag.py:4180} INFO - Setting next_dagrun for monthly_archival_pipeline to None, run_after=None
[2026-02-10T21:38:00.428+0000] {processor.py:208} INFO - Processing /opt/airflow/dags/monthly_archival.py took 0.282 seconds
[2026-02-10T21:38:17.637+0000] {processor.py:186} INFO - Started process (PID=170) to work on /opt/airflow/dags/monthly_archival.py
[2026-02-10T21:38:17.638+0000] {processor.py:914} INFO - Processing file /opt/airflow/dags/monthly_archival.py for tasks to queue
[2026-02-10T21:38:17.640+0000] {logging_mixin.py:190} INFO - [2026-02-10T21:38:17.640+0000] {dagbag.py:588} INFO - Filling up the DagBag from /opt/airflow/dags/monthly_archival.py
[2026-02-10T21:38:17.854+0000] {processor.py:925} INFO - DAG(s) 'monthly_archival_pipeline' retrieved from /opt/airflow/dags/monthly_archival.py
[2026-02-10T21:38:17.860+0000] {logging_mixin.py:190} INFO - [2026-02-10T21:38:17.859+0000] {dag.py:3239} INFO - Sync 1 DAGs
[2026-02-10T21:38:17.864+0000] {logging_mixin.py:190} INFO - [2026-02-10T21:38:17.864+0000] {dag.py:4180} INFO - Setting next_dagrun for monthly_archival_pipeline to None, run_after=None
[2026-02-10T21:38:17.870+0000] {processor.py:208} INFO - Processing /opt/airflow/dags/monthly_archival.py took 0.243 seconds
[2026-02-10T21:38:48.543+0000] {processor.py:186} INFO - Started process (PID=182) to work on /opt/airflow/dags/monthly_archival.py
[2026-02-10T21:38:48.544+0000] {processor.py:914} INFO - Processing file /opt/airflow/dags/monthly_archival.py for tasks to queue
[2026-02-10T21:38:48.547+0000] {logging_mixin.py:190} INFO - [2026-02-10T21:38:48.547+0000] {dagbag.py:588} INFO - Filling up the DagBag from /opt/airflow/dags/monthly_archival.py
[2026-02-10T21:38:48.774+0000] {processor.py:925} INFO - DAG(s) 'monthly_archival_pipeline' retrieved from /opt/airflow/dags/monthly_archival.py
[2026-02-10T21:38:48.783+0000] {logging_mixin.py:190} INFO - [2026-02-10T21:38:48.783+0000] {dag.py:3239} INFO - Sync 1 DAGs
[2026-02-10T21:38:48.787+0000] {logging_mixin.py:190} INFO - [2026-02-10T21:38:48.787+0000] {dag.py:4180} INFO - Setting next_dagrun for monthly_archival_pipeline to None, run_after=None
[2026-02-10T21:38:48.793+0000] {processor.py:208} INFO - Processing /opt/airflow/dags/monthly_archival.py took 0.263 seconds
[2026-02-10T21:39:19.607+0000] {processor.py:186} INFO - Started process (PID=194) to work on /opt/airflow/dags/monthly_archival.py
[2026-02-10T21:39:19.609+0000] {processor.py:914} INFO - Processing file /opt/airflow/dags/monthly_archival.py for tasks to queue
[2026-02-10T21:39:19.614+0000] {logging_mixin.py:190} INFO - [2026-02-10T21:39:19.613+0000] {dagbag.py:588} INFO - Filling up the DagBag from /opt/airflow/dags/monthly_archival.py
[2026-02-10T21:39:19.868+0000] {processor.py:925} INFO - DAG(s) 'monthly_archival_pipeline' retrieved from /opt/airflow/dags/monthly_archival.py
[2026-02-10T21:39:19.890+0000] {logging_mixin.py:190} INFO - [2026-02-10T21:39:19.890+0000] {dag.py:3239} INFO - Sync 1 DAGs
[2026-02-10T21:39:20.024+0000] {logging_mixin.py:190} INFO - [2026-02-10T21:39:20.024+0000] {dag.py:4180} INFO - Setting next_dagrun for monthly_archival_pipeline to None, run_after=None
[2026-02-10T21:39:20.031+0000] {processor.py:208} INFO - Processing /opt/airflow/dags/monthly_archival.py took 0.440 seconds
[2026-02-10T21:39:38.156+0000] {processor.py:186} INFO - Started process (PID=206) to work on /opt/airflow/dags/monthly_archival.py
[2026-02-10T21:39:38.157+0000] {processor.py:914} INFO - Processing file /opt/airflow/dags/monthly_archival.py for tasks to queue
[2026-02-10T21:39:38.159+0000] {logging_mixin.py:190} INFO - [2026-02-10T21:39:38.158+0000] {dagbag.py:588} INFO - Filling up the DagBag from /opt/airflow/dags/monthly_archival.py
[2026-02-10T21:39:38.310+0000] {processor.py:925} INFO - DAG(s) 'monthly_archival_pipeline' retrieved from /opt/airflow/dags/monthly_archival.py
[2026-02-10T21:39:38.387+0000] {logging_mixin.py:190} INFO - [2026-02-10T21:39:38.387+0000] {dag.py:3239} INFO - Sync 1 DAGs
[2026-02-10T21:39:38.391+0000] {logging_mixin.py:190} INFO - [2026-02-10T21:39:38.391+0000] {dag.py:4180} INFO - Setting next_dagrun for monthly_archival_pipeline to None, run_after=None
[2026-02-10T21:39:38.398+0000] {processor.py:208} INFO - Processing /opt/airflow/dags/monthly_archival.py took 0.251 seconds
[2026-02-10T21:39:46.261+0000] {processor.py:186} INFO - Started process (PID=210) to work on /opt/airflow/dags/monthly_archival.py
[2026-02-10T21:39:46.262+0000] {processor.py:914} INFO - Processing file /opt/airflow/dags/monthly_archival.py for tasks to queue
[2026-02-10T21:39:46.264+0000] {logging_mixin.py:190} INFO - [2026-02-10T21:39:46.264+0000] {dagbag.py:588} INFO - Filling up the DagBag from /opt/airflow/dags/monthly_archival.py
[2026-02-10T21:39:46.407+0000] {processor.py:925} INFO - DAG(s) 'monthly_archival_pipeline' retrieved from /opt/airflow/dags/monthly_archival.py
[2026-02-10T21:39:46.483+0000] {logging_mixin.py:190} INFO - [2026-02-10T21:39:46.483+0000] {dag.py:3239} INFO - Sync 1 DAGs
[2026-02-10T21:39:46.487+0000] {logging_mixin.py:190} INFO - [2026-02-10T21:39:46.487+0000] {dag.py:4180} INFO - Setting next_dagrun for monthly_archival_pipeline to None, run_after=None
[2026-02-10T21:39:46.494+0000] {processor.py:208} INFO - Processing /opt/airflow/dags/monthly_archival.py took 0.242 seconds
[2026-02-10T21:40:17.162+0000] {processor.py:186} INFO - Started process (PID=222) to work on /opt/airflow/dags/monthly_archival.py
[2026-02-10T21:40:17.164+0000] {processor.py:914} INFO - Processing file /opt/airflow/dags/monthly_archival.py for tasks to queue
[2026-02-10T21:40:17.168+0000] {logging_mixin.py:190} INFO - [2026-02-10T21:40:17.167+0000] {dagbag.py:588} INFO - Filling up the DagBag from /opt/airflow/dags/monthly_archival.py
[2026-02-10T21:40:17.519+0000] {processor.py:925} INFO - DAG(s) 'monthly_archival_pipeline' retrieved from /opt/airflow/dags/monthly_archival.py
[2026-02-10T21:40:17.531+0000] {logging_mixin.py:190} INFO - [2026-02-10T21:40:17.530+0000] {dag.py:3239} INFO - Sync 1 DAGs
[2026-02-10T21:40:17.535+0000] {logging_mixin.py:190} INFO - [2026-02-10T21:40:17.535+0000] {dag.py:4180} INFO - Setting next_dagrun for monthly_archival_pipeline to None, run_after=None
[2026-02-10T21:40:17.541+0000] {processor.py:208} INFO - Processing /opt/airflow/dags/monthly_archival.py took 0.396 seconds
[2026-02-10T21:40:28.646+0000] {processor.py:186} INFO - Started process (PID=234) to work on /opt/airflow/dags/monthly_archival.py
[2026-02-10T21:40:28.647+0000] {processor.py:914} INFO - Processing file /opt/airflow/dags/monthly_archival.py for tasks to queue
[2026-02-10T21:40:28.649+0000] {logging_mixin.py:190} INFO - [2026-02-10T21:40:28.648+0000] {dagbag.py:588} INFO - Filling up the DagBag from /opt/airflow/dags/monthly_archival.py
[2026-02-10T21:40:28.859+0000] {processor.py:925} INFO - DAG(s) 'monthly_archival_pipeline' retrieved from /opt/airflow/dags/monthly_archival.py
[2026-02-10T21:40:28.867+0000] {logging_mixin.py:190} INFO - [2026-02-10T21:40:28.867+0000] {dag.py:3239} INFO - Sync 1 DAGs
[2026-02-10T21:40:28.871+0000] {logging_mixin.py:190} INFO - [2026-02-10T21:40:28.871+0000] {dag.py:4180} INFO - Setting next_dagrun for monthly_archival_pipeline to None, run_after=None
[2026-02-10T21:40:28.878+0000] {processor.py:208} INFO - Processing /opt/airflow/dags/monthly_archival.py took 0.240 seconds
[2026-02-10T21:40:33.730+0000] {processor.py:186} INFO - Started process (PID=238) to work on /opt/airflow/dags/monthly_archival.py
[2026-02-10T21:40:33.731+0000] {processor.py:914} INFO - Processing file /opt/airflow/dags/monthly_archival.py for tasks to queue
[2026-02-10T21:40:33.733+0000] {logging_mixin.py:190} INFO - [2026-02-10T21:40:33.732+0000] {dagbag.py:588} INFO - Filling up the DagBag from /opt/airflow/dags/monthly_archival.py
[2026-02-10T21:40:33.973+0000] {processor.py:925} INFO - DAG(s) 'monthly_archival_pipeline' retrieved from /opt/airflow/dags/monthly_archival.py
[2026-02-10T21:40:33.984+0000] {logging_mixin.py:190} INFO - [2026-02-10T21:40:33.984+0000] {dag.py:3239} INFO - Sync 1 DAGs
[2026-02-10T21:40:33.989+0000] {logging_mixin.py:190} INFO - [2026-02-10T21:40:33.989+0000] {dag.py:4180} INFO - Setting next_dagrun for monthly_archival_pipeline to None, run_after=None
[2026-02-10T21:40:33.998+0000] {processor.py:208} INFO - Processing /opt/airflow/dags/monthly_archival.py took 0.278 seconds
[2026-02-10T21:41:04.364+0000] {processor.py:186} INFO - Started process (PID=267) to work on /opt/airflow/dags/monthly_archival.py
[2026-02-10T21:41:04.366+0000] {processor.py:914} INFO - Processing file /opt/airflow/dags/monthly_archival.py for tasks to queue
[2026-02-10T21:41:04.369+0000] {logging_mixin.py:190} INFO - [2026-02-10T21:41:04.369+0000] {dagbag.py:588} INFO - Filling up the DagBag from /opt/airflow/dags/monthly_archival.py
[2026-02-10T21:41:04.640+0000] {processor.py:925} INFO - DAG(s) 'monthly_archival_pipeline' retrieved from /opt/airflow/dags/monthly_archival.py
[2026-02-10T21:41:04.653+0000] {logging_mixin.py:190} INFO - [2026-02-10T21:41:04.652+0000] {dag.py:3239} INFO - Sync 1 DAGs
[2026-02-10T21:41:04.658+0000] {logging_mixin.py:190} INFO - [2026-02-10T21:41:04.658+0000] {dag.py:4180} INFO - Setting next_dagrun for monthly_archival_pipeline to None, run_after=None
[2026-02-10T21:41:04.666+0000] {processor.py:208} INFO - Processing /opt/airflow/dags/monthly_archival.py took 0.316 seconds
[2026-02-10T21:41:35.367+0000] {processor.py:186} INFO - Started process (PID=279) to work on /opt/airflow/dags/monthly_archival.py
[2026-02-10T21:41:35.368+0000] {processor.py:914} INFO - Processing file /opt/airflow/dags/monthly_archival.py for tasks to queue
[2026-02-10T21:41:35.370+0000] {logging_mixin.py:190} INFO - [2026-02-10T21:41:35.370+0000] {dagbag.py:588} INFO - Filling up the DagBag from /opt/airflow/dags/monthly_archival.py
[2026-02-10T21:41:35.531+0000] {processor.py:925} INFO - DAG(s) 'monthly_archival_pipeline' retrieved from /opt/airflow/dags/monthly_archival.py
[2026-02-10T21:41:35.542+0000] {logging_mixin.py:190} INFO - [2026-02-10T21:41:35.542+0000] {dag.py:3239} INFO - Sync 1 DAGs
[2026-02-10T21:41:35.637+0000] {logging_mixin.py:190} INFO - [2026-02-10T21:41:35.637+0000] {dag.py:4180} INFO - Setting next_dagrun for monthly_archival_pipeline to None, run_after=None
[2026-02-10T21:41:35.642+0000] {processor.py:208} INFO - Processing /opt/airflow/dags/monthly_archival.py took 0.285 seconds
[2026-02-10T21:42:06.127+0000] {processor.py:186} INFO - Started process (PID=291) to work on /opt/airflow/dags/monthly_archival.py
[2026-02-10T21:42:06.129+0000] {processor.py:914} INFO - Processing file /opt/airflow/dags/monthly_archival.py for tasks to queue
[2026-02-10T21:42:06.130+0000] {logging_mixin.py:190} INFO - [2026-02-10T21:42:06.130+0000] {dagbag.py:588} INFO - Filling up the DagBag from /opt/airflow/dags/monthly_archival.py
[2026-02-10T21:42:06.287+0000] {processor.py:925} INFO - DAG(s) 'monthly_archival_pipeline' retrieved from /opt/airflow/dags/monthly_archival.py
[2026-02-10T21:42:06.366+0000] {logging_mixin.py:190} INFO - [2026-02-10T21:42:06.366+0000] {dag.py:3239} INFO - Sync 1 DAGs
[2026-02-10T21:42:06.370+0000] {logging_mixin.py:190} INFO - [2026-02-10T21:42:06.370+0000] {dag.py:4180} INFO - Setting next_dagrun for monthly_archival_pipeline to None, run_after=None
[2026-02-10T21:42:06.411+0000] {processor.py:208} INFO - Processing /opt/airflow/dags/monthly_archival.py took 0.294 seconds
[2026-02-10T21:42:36.811+0000] {processor.py:186} INFO - Started process (PID=303) to work on /opt/airflow/dags/monthly_archival.py
[2026-02-10T21:42:36.812+0000] {processor.py:914} INFO - Processing file /opt/airflow/dags/monthly_archival.py for tasks to queue
[2026-02-10T21:42:36.815+0000] {logging_mixin.py:190} INFO - [2026-02-10T21:42:36.815+0000] {dagbag.py:588} INFO - Filling up the DagBag from /opt/airflow/dags/monthly_archival.py
[2026-02-10T21:42:37.119+0000] {processor.py:925} INFO - DAG(s) 'monthly_archival_pipeline' retrieved from /opt/airflow/dags/monthly_archival.py
[2026-02-10T21:42:37.129+0000] {logging_mixin.py:190} INFO - [2026-02-10T21:42:37.129+0000] {dag.py:3239} INFO - Sync 1 DAGs
[2026-02-10T21:42:37.135+0000] {logging_mixin.py:190} INFO - [2026-02-10T21:42:37.134+0000] {dag.py:4180} INFO - Setting next_dagrun for monthly_archival_pipeline to None, run_after=None
[2026-02-10T21:42:37.140+0000] {processor.py:208} INFO - Processing /opt/airflow/dags/monthly_archival.py took 0.349 seconds
[2026-02-10T21:43:07.446+0000] {processor.py:186} INFO - Started process (PID=315) to work on /opt/airflow/dags/monthly_archival.py
[2026-02-10T21:43:07.447+0000] {processor.py:914} INFO - Processing file /opt/airflow/dags/monthly_archival.py for tasks to queue
[2026-02-10T21:43:07.449+0000] {logging_mixin.py:190} INFO - [2026-02-10T21:43:07.448+0000] {dagbag.py:588} INFO - Filling up the DagBag from /opt/airflow/dags/monthly_archival.py
[2026-02-10T21:43:07.659+0000] {processor.py:925} INFO - DAG(s) 'monthly_archival_pipeline' retrieved from /opt/airflow/dags/monthly_archival.py
[2026-02-10T21:43:07.668+0000] {logging_mixin.py:190} INFO - [2026-02-10T21:43:07.668+0000] {dag.py:3239} INFO - Sync 1 DAGs
[2026-02-10T21:43:07.672+0000] {logging_mixin.py:190} INFO - [2026-02-10T21:43:07.672+0000] {dag.py:4180} INFO - Setting next_dagrun for monthly_archival_pipeline to None, run_after=None
[2026-02-10T21:43:07.678+0000] {processor.py:208} INFO - Processing /opt/airflow/dags/monthly_archival.py took 0.242 seconds
[2026-02-10T21:43:38.243+0000] {processor.py:186} INFO - Started process (PID=327) to work on /opt/airflow/dags/monthly_archival.py
[2026-02-10T21:43:38.244+0000] {processor.py:914} INFO - Processing file /opt/airflow/dags/monthly_archival.py for tasks to queue
[2026-02-10T21:43:38.247+0000] {logging_mixin.py:190} INFO - [2026-02-10T21:43:38.246+0000] {dagbag.py:588} INFO - Filling up the DagBag from /opt/airflow/dags/monthly_archival.py
[2026-02-10T21:43:38.441+0000] {processor.py:925} INFO - DAG(s) 'monthly_archival_pipeline' retrieved from /opt/airflow/dags/monthly_archival.py
[2026-02-10T21:43:38.454+0000] {logging_mixin.py:190} INFO - [2026-02-10T21:43:38.454+0000] {dag.py:3239} INFO - Sync 1 DAGs
[2026-02-10T21:43:38.548+0000] {logging_mixin.py:190} INFO - [2026-02-10T21:43:38.547+0000] {dag.py:4180} INFO - Setting next_dagrun for monthly_archival_pipeline to None, run_after=None
[2026-02-10T21:43:38.554+0000] {processor.py:208} INFO - Processing /opt/airflow/dags/monthly_archival.py took 0.322 seconds
[2026-02-10T21:44:08.943+0000] {processor.py:186} INFO - Started process (PID=339) to work on /opt/airflow/dags/monthly_archival.py
[2026-02-10T21:44:08.944+0000] {processor.py:914} INFO - Processing file /opt/airflow/dags/monthly_archival.py for tasks to queue
[2026-02-10T21:44:08.945+0000] {logging_mixin.py:190} INFO - [2026-02-10T21:44:08.945+0000] {dagbag.py:588} INFO - Filling up the DagBag from /opt/airflow/dags/monthly_archival.py
[2026-02-10T21:44:09.089+0000] {processor.py:925} INFO - DAG(s) 'monthly_archival_pipeline' retrieved from /opt/airflow/dags/monthly_archival.py
[2026-02-10T21:44:09.165+0000] {logging_mixin.py:190} INFO - [2026-02-10T21:44:09.165+0000] {dag.py:3239} INFO - Sync 1 DAGs
[2026-02-10T21:44:09.170+0000] {logging_mixin.py:190} INFO - [2026-02-10T21:44:09.169+0000] {dag.py:4180} INFO - Setting next_dagrun for monthly_archival_pipeline to None, run_after=None
[2026-02-10T21:44:09.176+0000] {processor.py:208} INFO - Processing /opt/airflow/dags/monthly_archival.py took 0.241 seconds
[2026-02-10T21:44:27.201+0000] {processor.py:186} INFO - Started process (PID=343) to work on /opt/airflow/dags/monthly_archival.py
[2026-02-10T21:44:27.202+0000] {processor.py:914} INFO - Processing file /opt/airflow/dags/monthly_archival.py for tasks to queue
[2026-02-10T21:44:27.205+0000] {logging_mixin.py:190} INFO - [2026-02-10T21:44:27.204+0000] {dagbag.py:588} INFO - Filling up the DagBag from /opt/airflow/dags/monthly_archival.py
[2026-02-10T21:44:27.520+0000] {processor.py:925} INFO - DAG(s) 'monthly_archival_pipeline' retrieved from /opt/airflow/dags/monthly_archival.py
[2026-02-10T21:44:27.539+0000] {logging_mixin.py:190} INFO - [2026-02-10T21:44:27.539+0000] {dag.py:3239} INFO - Sync 1 DAGs
[2026-02-10T21:44:27.544+0000] {logging_mixin.py:190} INFO - [2026-02-10T21:44:27.544+0000] {dag.py:4180} INFO - Setting next_dagrun for monthly_archival_pipeline to None, run_after=None
[2026-02-10T21:44:27.550+0000] {processor.py:208} INFO - Processing /opt/airflow/dags/monthly_archival.py took 0.363 seconds
[2026-02-10T21:44:56.210+0000] {processor.py:186} INFO - Started process (PID=372) to work on /opt/airflow/dags/monthly_archival.py
[2026-02-10T21:44:56.220+0000] {processor.py:914} INFO - Processing file /opt/airflow/dags/monthly_archival.py for tasks to queue
[2026-02-10T21:44:56.224+0000] {logging_mixin.py:190} INFO - [2026-02-10T21:44:56.223+0000] {dagbag.py:588} INFO - Filling up the DagBag from /opt/airflow/dags/monthly_archival.py
[2026-02-10T21:44:56.782+0000] {processor.py:925} INFO - DAG(s) 'monthly_archival_pipeline' retrieved from /opt/airflow/dags/monthly_archival.py
[2026-02-10T21:44:56.796+0000] {logging_mixin.py:190} INFO - [2026-02-10T21:44:56.796+0000] {dag.py:3239} INFO - Sync 1 DAGs
[2026-02-10T21:44:56.802+0000] {logging_mixin.py:190} INFO - [2026-02-10T21:44:56.802+0000] {dag.py:4180} INFO - Setting next_dagrun for monthly_archival_pipeline to None, run_after=None
[2026-02-10T21:44:56.812+0000] {processor.py:208} INFO - Processing /opt/airflow/dags/monthly_archival.py took 0.635 seconds
[2026-02-10T21:45:27.604+0000] {processor.py:186} INFO - Started process (PID=401) to work on /opt/airflow/dags/monthly_archival.py
[2026-02-10T21:45:27.605+0000] {processor.py:914} INFO - Processing file /opt/airflow/dags/monthly_archival.py for tasks to queue
[2026-02-10T21:45:27.608+0000] {logging_mixin.py:190} INFO - [2026-02-10T21:45:27.607+0000] {dagbag.py:588} INFO - Filling up the DagBag from /opt/airflow/dags/monthly_archival.py
[2026-02-10T21:45:27.950+0000] {processor.py:925} INFO - DAG(s) 'monthly_archival_pipeline' retrieved from /opt/airflow/dags/monthly_archival.py
[2026-02-10T21:45:27.962+0000] {logging_mixin.py:190} INFO - [2026-02-10T21:45:27.962+0000] {dag.py:3239} INFO - Sync 1 DAGs
[2026-02-10T21:45:27.968+0000] {logging_mixin.py:190} INFO - [2026-02-10T21:45:27.968+0000] {dag.py:4180} INFO - Setting next_dagrun for monthly_archival_pipeline to None, run_after=None
[2026-02-10T21:45:27.973+0000] {processor.py:208} INFO - Processing /opt/airflow/dags/monthly_archival.py took 0.383 seconds
[2026-02-10T21:45:58.344+0000] {processor.py:186} INFO - Started process (PID=413) to work on /opt/airflow/dags/monthly_archival.py
[2026-02-10T21:45:58.345+0000] {processor.py:914} INFO - Processing file /opt/airflow/dags/monthly_archival.py for tasks to queue
[2026-02-10T21:45:58.349+0000] {logging_mixin.py:190} INFO - [2026-02-10T21:45:58.348+0000] {dagbag.py:588} INFO - Filling up the DagBag from /opt/airflow/dags/monthly_archival.py
[2026-02-10T21:45:58.574+0000] {processor.py:925} INFO - DAG(s) 'monthly_archival_pipeline' retrieved from /opt/airflow/dags/monthly_archival.py
[2026-02-10T21:45:58.683+0000] {logging_mixin.py:190} INFO - [2026-02-10T21:45:58.682+0000] {dag.py:3239} INFO - Sync 1 DAGs
[2026-02-10T21:45:58.687+0000] {logging_mixin.py:190} INFO - [2026-02-10T21:45:58.687+0000] {dag.py:4180} INFO - Setting next_dagrun for monthly_archival_pipeline to None, run_after=None
[2026-02-10T21:45:58.693+0000] {processor.py:208} INFO - Processing /opt/airflow/dags/monthly_archival.py took 0.363 seconds
[2026-02-10T21:46:29.080+0000] {processor.py:186} INFO - Started process (PID=425) to work on /opt/airflow/dags/monthly_archival.py
[2026-02-10T21:46:29.081+0000] {processor.py:914} INFO - Processing file /opt/airflow/dags/monthly_archival.py for tasks to queue
[2026-02-10T21:46:29.082+0000] {logging_mixin.py:190} INFO - [2026-02-10T21:46:29.082+0000] {dagbag.py:588} INFO - Filling up the DagBag from /opt/airflow/dags/monthly_archival.py
[2026-02-10T21:46:29.308+0000] {processor.py:925} INFO - DAG(s) 'monthly_archival_pipeline' retrieved from /opt/airflow/dags/monthly_archival.py
[2026-02-10T21:46:29.317+0000] {logging_mixin.py:190} INFO - [2026-02-10T21:46:29.316+0000] {dag.py:3239} INFO - Sync 1 DAGs
[2026-02-10T21:46:29.320+0000] {logging_mixin.py:190} INFO - [2026-02-10T21:46:29.320+0000] {dag.py:4180} INFO - Setting next_dagrun for monthly_archival_pipeline to None, run_after=None
[2026-02-10T21:46:29.326+0000] {processor.py:208} INFO - Processing /opt/airflow/dags/monthly_archival.py took 0.254 seconds
[2026-02-10T21:46:59.825+0000] {processor.py:186} INFO - Started process (PID=437) to work on /opt/airflow/dags/monthly_archival.py
[2026-02-10T21:46:59.826+0000] {processor.py:914} INFO - Processing file /opt/airflow/dags/monthly_archival.py for tasks to queue
[2026-02-10T21:46:59.830+0000] {logging_mixin.py:190} INFO - [2026-02-10T21:46:59.829+0000] {dagbag.py:588} INFO - Filling up the DagBag from /opt/airflow/dags/monthly_archival.py
[2026-02-10T21:47:00.127+0000] {processor.py:925} INFO - DAG(s) 'monthly_archival_pipeline' retrieved from /opt/airflow/dags/monthly_archival.py
[2026-02-10T21:47:00.138+0000] {logging_mixin.py:190} INFO - [2026-02-10T21:47:00.138+0000] {dag.py:3239} INFO - Sync 1 DAGs
[2026-02-10T21:47:00.142+0000] {logging_mixin.py:190} INFO - [2026-02-10T21:47:00.142+0000] {dag.py:4180} INFO - Setting next_dagrun for monthly_archival_pipeline to None, run_after=None
[2026-02-10T21:47:00.148+0000] {processor.py:208} INFO - Processing /opt/airflow/dags/monthly_archival.py took 0.338 seconds
[2026-02-10T21:47:30.227+0000] {processor.py:186} INFO - Started process (PID=449) to work on /opt/airflow/dags/monthly_archival.py
[2026-02-10T21:47:30.228+0000] {processor.py:914} INFO - Processing file /opt/airflow/dags/monthly_archival.py for tasks to queue
[2026-02-10T21:47:30.231+0000] {logging_mixin.py:190} INFO - [2026-02-10T21:47:30.230+0000] {dagbag.py:588} INFO - Filling up the DagBag from /opt/airflow/dags/monthly_archival.py
[2026-02-10T21:47:30.468+0000] {processor.py:925} INFO - DAG(s) 'monthly_archival_pipeline' retrieved from /opt/airflow/dags/monthly_archival.py
[2026-02-10T21:47:30.478+0000] {logging_mixin.py:190} INFO - [2026-02-10T21:47:30.478+0000] {dag.py:3239} INFO - Sync 1 DAGs
[2026-02-10T21:47:30.482+0000] {logging_mixin.py:190} INFO - [2026-02-10T21:47:30.482+0000] {dag.py:4180} INFO - Setting next_dagrun for monthly_archival_pipeline to None, run_after=None
[2026-02-10T21:47:30.488+0000] {processor.py:208} INFO - Processing /opt/airflow/dags/monthly_archival.py took 0.273 seconds
[2026-02-10T21:48:01.202+0000] {processor.py:186} INFO - Started process (PID=461) to work on /opt/airflow/dags/monthly_archival.py
[2026-02-10T21:48:01.203+0000] {processor.py:914} INFO - Processing file /opt/airflow/dags/monthly_archival.py for tasks to queue
[2026-02-10T21:48:01.206+0000] {logging_mixin.py:190} INFO - [2026-02-10T21:48:01.206+0000] {dagbag.py:588} INFO - Filling up the DagBag from /opt/airflow/dags/monthly_archival.py
[2026-02-10T21:48:01.413+0000] {processor.py:925} INFO - DAG(s) 'monthly_archival_pipeline' retrieved from /opt/airflow/dags/monthly_archival.py
[2026-02-10T21:48:01.432+0000] {logging_mixin.py:190} INFO - [2026-02-10T21:48:01.431+0000] {dag.py:3239} INFO - Sync 1 DAGs
[2026-02-10T21:48:01.546+0000] {logging_mixin.py:190} INFO - [2026-02-10T21:48:01.545+0000] {dag.py:4180} INFO - Setting next_dagrun for monthly_archival_pipeline to None, run_after=None
[2026-02-10T21:48:01.552+0000] {processor.py:208} INFO - Processing /opt/airflow/dags/monthly_archival.py took 0.363 seconds
[2026-02-10T21:48:31.917+0000] {processor.py:186} INFO - Started process (PID=473) to work on /opt/airflow/dags/monthly_archival.py
[2026-02-10T21:48:31.917+0000] {processor.py:914} INFO - Processing file /opt/airflow/dags/monthly_archival.py for tasks to queue
[2026-02-10T21:48:31.920+0000] {logging_mixin.py:190} INFO - [2026-02-10T21:48:31.919+0000] {dagbag.py:588} INFO - Filling up the DagBag from /opt/airflow/dags/monthly_archival.py
[2026-02-10T21:48:32.060+0000] {processor.py:925} INFO - DAG(s) 'monthly_archival_pipeline' retrieved from /opt/airflow/dags/monthly_archival.py
[2026-02-10T21:48:32.138+0000] {logging_mixin.py:190} INFO - [2026-02-10T21:48:32.138+0000] {dag.py:3239} INFO - Sync 1 DAGs
[2026-02-10T21:48:32.142+0000] {logging_mixin.py:190} INFO - [2026-02-10T21:48:32.142+0000] {dag.py:4180} INFO - Setting next_dagrun for monthly_archival_pipeline to None, run_after=None
[2026-02-10T21:48:32.148+0000] {processor.py:208} INFO - Processing /opt/airflow/dags/monthly_archival.py took 0.241 seconds
[2026-02-10T21:49:02.607+0000] {processor.py:186} INFO - Started process (PID=485) to work on /opt/airflow/dags/monthly_archival.py
[2026-02-10T21:49:02.608+0000] {processor.py:914} INFO - Processing file /opt/airflow/dags/monthly_archival.py for tasks to queue
[2026-02-10T21:49:02.610+0000] {logging_mixin.py:190} INFO - [2026-02-10T21:49:02.610+0000] {dagbag.py:588} INFO - Filling up the DagBag from /opt/airflow/dags/monthly_archival.py
[2026-02-10T21:49:02.816+0000] {processor.py:925} INFO - DAG(s) 'monthly_archival_pipeline' retrieved from /opt/airflow/dags/monthly_archival.py
[2026-02-10T21:49:02.824+0000] {logging_mixin.py:190} INFO - [2026-02-10T21:49:02.824+0000] {dag.py:3239} INFO - Sync 1 DAGs
[2026-02-10T21:49:02.828+0000] {logging_mixin.py:190} INFO - [2026-02-10T21:49:02.828+0000] {dag.py:4180} INFO - Setting next_dagrun for monthly_archival_pipeline to None, run_after=None
[2026-02-10T21:49:02.834+0000] {processor.py:208} INFO - Processing /opt/airflow/dags/monthly_archival.py took 0.236 seconds
[2026-02-10T21:49:33.299+0000] {processor.py:186} INFO - Started process (PID=497) to work on /opt/airflow/dags/monthly_archival.py
[2026-02-10T21:49:33.301+0000] {processor.py:914} INFO - Processing file /opt/airflow/dags/monthly_archival.py for tasks to queue
[2026-02-10T21:49:33.304+0000] {logging_mixin.py:190} INFO - [2026-02-10T21:49:33.303+0000] {dagbag.py:588} INFO - Filling up the DagBag from /opt/airflow/dags/monthly_archival.py
[2026-02-10T21:49:33.715+0000] {processor.py:925} INFO - DAG(s) 'monthly_archival_pipeline' retrieved from /opt/airflow/dags/monthly_archival.py
[2026-02-10T21:49:33.728+0000] {logging_mixin.py:190} INFO - [2026-02-10T21:49:33.727+0000] {dag.py:3239} INFO - Sync 1 DAGs
[2026-02-10T21:49:33.732+0000] {logging_mixin.py:190} INFO - [2026-02-10T21:49:33.732+0000] {dag.py:4180} INFO - Setting next_dagrun for monthly_archival_pipeline to None, run_after=None
[2026-02-10T21:49:33.741+0000] {processor.py:208} INFO - Processing /opt/airflow/dags/monthly_archival.py took 0.458 seconds
[2026-02-10T21:50:03.998+0000] {processor.py:186} INFO - Started process (PID=526) to work on /opt/airflow/dags/monthly_archival.py
[2026-02-10T21:50:04.000+0000] {processor.py:914} INFO - Processing file /opt/airflow/dags/monthly_archival.py for tasks to queue
[2026-02-10T21:50:04.003+0000] {logging_mixin.py:190} INFO - [2026-02-10T21:50:04.002+0000] {dagbag.py:588} INFO - Filling up the DagBag from /opt/airflow/dags/monthly_archival.py
[2026-02-10T21:50:04.189+0000] {processor.py:925} INFO - DAG(s) 'monthly_archival_pipeline' retrieved from /opt/airflow/dags/monthly_archival.py
[2026-02-10T21:50:04.205+0000] {logging_mixin.py:190} INFO - [2026-02-10T21:50:04.205+0000] {dag.py:3239} INFO - Sync 1 DAGs
[2026-02-10T21:50:04.304+0000] {logging_mixin.py:190} INFO - [2026-02-10T21:50:04.303+0000] {dag.py:4180} INFO - Setting next_dagrun for monthly_archival_pipeline to None, run_after=None
[2026-02-10T21:50:04.309+0000] {processor.py:208} INFO - Processing /opt/airflow/dags/monthly_archival.py took 0.325 seconds
[2026-02-10T21:50:34.720+0000] {processor.py:186} INFO - Started process (PID=538) to work on /opt/airflow/dags/monthly_archival.py
[2026-02-10T21:50:34.721+0000] {processor.py:914} INFO - Processing file /opt/airflow/dags/monthly_archival.py for tasks to queue
[2026-02-10T21:50:34.725+0000] {logging_mixin.py:190} INFO - [2026-02-10T21:50:34.725+0000] {dagbag.py:588} INFO - Filling up the DagBag from /opt/airflow/dags/monthly_archival.py
[2026-02-10T21:50:34.927+0000] {processor.py:925} INFO - DAG(s) 'monthly_archival_pipeline' retrieved from /opt/airflow/dags/monthly_archival.py
[2026-02-10T21:50:35.043+0000] {logging_mixin.py:190} INFO - [2026-02-10T21:50:35.043+0000] {dag.py:3239} INFO - Sync 1 DAGs
[2026-02-10T21:50:35.048+0000] {logging_mixin.py:190} INFO - [2026-02-10T21:50:35.048+0000] {dag.py:4180} INFO - Setting next_dagrun for monthly_archival_pipeline to None, run_after=None
[2026-02-10T21:50:35.054+0000] {processor.py:208} INFO - Processing /opt/airflow/dags/monthly_archival.py took 0.347 seconds
[2026-02-10T21:50:36.748+0000] {processor.py:186} INFO - Started process (PID=542) to work on /opt/airflow/dags/monthly_archival.py
[2026-02-10T21:50:36.749+0000] {processor.py:914} INFO - Processing file /opt/airflow/dags/monthly_archival.py for tasks to queue
[2026-02-10T21:50:36.752+0000] {logging_mixin.py:190} INFO - [2026-02-10T21:50:36.752+0000] {dagbag.py:588} INFO - Filling up the DagBag from /opt/airflow/dags/monthly_archival.py
[2026-02-10T21:50:36.940+0000] {processor.py:925} INFO - DAG(s) 'monthly_archival_pipeline' retrieved from /opt/airflow/dags/monthly_archival.py
[2026-02-10T21:50:37.034+0000] {logging_mixin.py:190} INFO - [2026-02-10T21:50:37.034+0000] {dag.py:3239} INFO - Sync 1 DAGs
[2026-02-10T21:50:37.038+0000] {logging_mixin.py:190} INFO - [2026-02-10T21:50:37.038+0000] {dag.py:4180} INFO - Setting next_dagrun for monthly_archival_pipeline to None, run_after=None
[2026-02-10T21:50:37.045+0000] {processor.py:208} INFO - Processing /opt/airflow/dags/monthly_archival.py took 0.307 seconds
[2026-02-10T21:51:07.453+0000] {processor.py:186} INFO - Started process (PID=554) to work on /opt/airflow/dags/monthly_archival.py
[2026-02-10T21:51:07.454+0000] {processor.py:914} INFO - Processing file /opt/airflow/dags/monthly_archival.py for tasks to queue
[2026-02-10T21:51:07.455+0000] {logging_mixin.py:190} INFO - [2026-02-10T21:51:07.455+0000] {dagbag.py:588} INFO - Filling up the DagBag from /opt/airflow/dags/monthly_archival.py
[2026-02-10T21:51:07.666+0000] {processor.py:925} INFO - DAG(s) 'monthly_archival_pipeline' retrieved from /opt/airflow/dags/monthly_archival.py
[2026-02-10T21:51:07.675+0000] {logging_mixin.py:190} INFO - [2026-02-10T21:51:07.675+0000] {dag.py:3239} INFO - Sync 1 DAGs
[2026-02-10T21:51:07.679+0000] {logging_mixin.py:190} INFO - [2026-02-10T21:51:07.679+0000] {dag.py:4180} INFO - Setting next_dagrun for monthly_archival_pipeline to None, run_after=None
[2026-02-10T21:51:07.684+0000] {processor.py:208} INFO - Processing /opt/airflow/dags/monthly_archival.py took 0.239 seconds
[2026-02-10T21:51:38.048+0000] {processor.py:186} INFO - Started process (PID=566) to work on /opt/airflow/dags/monthly_archival.py
[2026-02-10T21:51:38.048+0000] {processor.py:914} INFO - Processing file /opt/airflow/dags/monthly_archival.py for tasks to queue
[2026-02-10T21:51:38.050+0000] {logging_mixin.py:190} INFO - [2026-02-10T21:51:38.050+0000] {dagbag.py:588} INFO - Filling up the DagBag from /opt/airflow/dags/monthly_archival.py
[2026-02-10T21:51:38.258+0000] {processor.py:925} INFO - DAG(s) 'monthly_archival_pipeline' retrieved from /opt/airflow/dags/monthly_archival.py
[2026-02-10T21:51:38.267+0000] {logging_mixin.py:190} INFO - [2026-02-10T21:51:38.267+0000] {dag.py:3239} INFO - Sync 1 DAGs
[2026-02-10T21:51:38.271+0000] {logging_mixin.py:190} INFO - [2026-02-10T21:51:38.271+0000] {dag.py:4180} INFO - Setting next_dagrun for monthly_archival_pipeline to None, run_after=None
[2026-02-10T21:51:38.277+0000] {processor.py:208} INFO - Processing /opt/airflow/dags/monthly_archival.py took 0.237 seconds
[2026-02-10T21:52:08.656+0000] {processor.py:186} INFO - Started process (PID=578) to work on /opt/airflow/dags/monthly_archival.py
[2026-02-10T21:52:08.657+0000] {processor.py:914} INFO - Processing file /opt/airflow/dags/monthly_archival.py for tasks to queue
[2026-02-10T21:52:08.660+0000] {logging_mixin.py:190} INFO - [2026-02-10T21:52:08.660+0000] {dagbag.py:588} INFO - Filling up the DagBag from /opt/airflow/dags/monthly_archival.py
[2026-02-10T21:52:09.000+0000] {processor.py:925} INFO - DAG(s) 'monthly_archival_pipeline' retrieved from /opt/airflow/dags/monthly_archival.py
[2026-02-10T21:52:09.022+0000] {logging_mixin.py:190} INFO - [2026-02-10T21:52:09.022+0000] {dag.py:3239} INFO - Sync 1 DAGs
[2026-02-10T21:52:09.027+0000] {logging_mixin.py:190} INFO - [2026-02-10T21:52:09.027+0000] {dag.py:4180} INFO - Setting next_dagrun for monthly_archival_pipeline to None, run_after=None
[2026-02-10T21:52:09.034+0000] {processor.py:208} INFO - Processing /opt/airflow/dags/monthly_archival.py took 0.391 seconds
[2026-02-10T21:52:39.593+0000] {processor.py:186} INFO - Started process (PID=590) to work on /opt/airflow/dags/monthly_archival.py
[2026-02-10T21:52:39.594+0000] {processor.py:914} INFO - Processing file /opt/airflow/dags/monthly_archival.py for tasks to queue
[2026-02-10T21:52:39.598+0000] {logging_mixin.py:190} INFO - [2026-02-10T21:52:39.597+0000] {dagbag.py:588} INFO - Filling up the DagBag from /opt/airflow/dags/monthly_archival.py
[2026-02-10T21:52:39.873+0000] {processor.py:925} INFO - DAG(s) 'monthly_archival_pipeline' retrieved from /opt/airflow/dags/monthly_archival.py
[2026-02-10T21:52:40.039+0000] {logging_mixin.py:190} INFO - [2026-02-10T21:52:40.039+0000] {dag.py:3239} INFO - Sync 1 DAGs
[2026-02-10T21:52:40.045+0000] {logging_mixin.py:190} INFO - [2026-02-10T21:52:40.045+0000] {dag.py:4180} INFO - Setting next_dagrun for monthly_archival_pipeline to None, run_after=None
[2026-02-10T21:52:40.051+0000] {processor.py:208} INFO - Processing /opt/airflow/dags/monthly_archival.py took 0.485 seconds
[2026-02-10T21:53:10.226+0000] {processor.py:186} INFO - Started process (PID=602) to work on /opt/airflow/dags/monthly_archival.py
[2026-02-10T21:53:10.227+0000] {processor.py:914} INFO - Processing file /opt/airflow/dags/monthly_archival.py for tasks to queue
[2026-02-10T21:53:10.229+0000] {logging_mixin.py:190} INFO - [2026-02-10T21:53:10.229+0000] {dagbag.py:588} INFO - Filling up the DagBag from /opt/airflow/dags/monthly_archival.py
[2026-02-10T21:53:10.466+0000] {processor.py:925} INFO - DAG(s) 'monthly_archival_pipeline' retrieved from /opt/airflow/dags/monthly_archival.py
[2026-02-10T21:53:10.475+0000] {logging_mixin.py:190} INFO - [2026-02-10T21:53:10.474+0000] {dag.py:3239} INFO - Sync 1 DAGs
[2026-02-10T21:53:10.478+0000] {logging_mixin.py:190} INFO - [2026-02-10T21:53:10.478+0000] {dag.py:4180} INFO - Setting next_dagrun for monthly_archival_pipeline to None, run_after=None
[2026-02-10T21:53:10.485+0000] {processor.py:208} INFO - Processing /opt/airflow/dags/monthly_archival.py took 0.269 seconds
[2026-02-10T21:53:34.808+0000] {processor.py:186} INFO - Started process (PID=614) to work on /opt/airflow/dags/monthly_archival.py
[2026-02-10T21:53:34.809+0000] {processor.py:914} INFO - Processing file /opt/airflow/dags/monthly_archival.py for tasks to queue
[2026-02-10T21:53:34.811+0000] {logging_mixin.py:190} INFO - [2026-02-10T21:53:34.811+0000] {dagbag.py:588} INFO - Filling up the DagBag from /opt/airflow/dags/monthly_archival.py
[2026-02-10T21:53:35.032+0000] {processor.py:925} INFO - DAG(s) 'monthly_archival_pipeline' retrieved from /opt/airflow/dags/monthly_archival.py
[2026-02-10T21:53:35.066+0000] {logging_mixin.py:190} INFO - [2026-02-10T21:53:35.066+0000] {dag.py:3239} INFO - Sync 1 DAGs
[2026-02-10T21:53:35.070+0000] {logging_mixin.py:190} INFO - [2026-02-10T21:53:35.070+0000] {dag.py:4180} INFO - Setting next_dagrun for monthly_archival_pipeline to None, run_after=None
[2026-02-10T21:53:35.077+0000] {processor.py:208} INFO - Processing /opt/airflow/dags/monthly_archival.py took 0.277 seconds
[2026-02-10T21:53:45.235+0000] {processor.py:186} INFO - Started process (PID=626) to work on /opt/airflow/dags/monthly_archival.py
[2026-02-10T21:53:45.236+0000] {processor.py:914} INFO - Processing file /opt/airflow/dags/monthly_archival.py for tasks to queue
[2026-02-10T21:53:45.237+0000] {logging_mixin.py:190} INFO - [2026-02-10T21:53:45.237+0000] {dagbag.py:588} INFO - Filling up the DagBag from /opt/airflow/dags/monthly_archival.py
[2026-02-10T21:53:45.444+0000] {processor.py:925} INFO - DAG(s) 'monthly_archival_pipeline' retrieved from /opt/airflow/dags/monthly_archival.py
[2026-02-10T21:53:45.449+0000] {logging_mixin.py:190} INFO - [2026-02-10T21:53:45.449+0000] {dag.py:3239} INFO - Sync 1 DAGs
[2026-02-10T21:53:45.453+0000] {logging_mixin.py:190} INFO - [2026-02-10T21:53:45.453+0000] {dag.py:4180} INFO - Setting next_dagrun for monthly_archival_pipeline to None, run_after=None
[2026-02-10T21:53:45.460+0000] {processor.py:208} INFO - Processing /opt/airflow/dags/monthly_archival.py took 0.233 seconds
[2026-02-10T21:54:15.988+0000] {processor.py:186} INFO - Started process (PID=638) to work on /opt/airflow/dags/monthly_archival.py
[2026-02-10T21:54:15.988+0000] {processor.py:914} INFO - Processing file /opt/airflow/dags/monthly_archival.py for tasks to queue
[2026-02-10T21:54:15.990+0000] {logging_mixin.py:190} INFO - [2026-02-10T21:54:15.990+0000] {dagbag.py:588} INFO - Filling up the DagBag from /opt/airflow/dags/monthly_archival.py
[2026-02-10T21:54:16.146+0000] {processor.py:925} INFO - DAG(s) 'monthly_archival_pipeline' retrieved from /opt/airflow/dags/monthly_archival.py
[2026-02-10T21:54:16.223+0000] {logging_mixin.py:190} INFO - [2026-02-10T21:54:16.223+0000] {dag.py:3239} INFO - Sync 1 DAGs
[2026-02-10T21:54:16.227+0000] {logging_mixin.py:190} INFO - [2026-02-10T21:54:16.227+0000] {dag.py:4180} INFO - Setting next_dagrun for monthly_archival_pipeline to None, run_after=None
[2026-02-10T21:54:16.233+0000] {processor.py:208} INFO - Processing /opt/airflow/dags/monthly_archival.py took 0.254 seconds
[2026-02-10T21:54:46.779+0000] {processor.py:186} INFO - Started process (PID=684) to work on /opt/airflow/dags/monthly_archival.py
[2026-02-10T21:54:46.780+0000] {processor.py:914} INFO - Processing file /opt/airflow/dags/monthly_archival.py for tasks to queue
[2026-02-10T21:54:46.782+0000] {logging_mixin.py:190} INFO - [2026-02-10T21:54:46.782+0000] {dagbag.py:588} INFO - Filling up the DagBag from /opt/airflow/dags/monthly_archival.py
[2026-02-10T21:54:47.011+0000] {processor.py:925} INFO - DAG(s) 'monthly_archival_pipeline' retrieved from /opt/airflow/dags/monthly_archival.py
[2026-02-10T21:54:47.020+0000] {logging_mixin.py:190} INFO - [2026-02-10T21:54:47.020+0000] {dag.py:3239} INFO - Sync 1 DAGs
[2026-02-10T21:54:47.024+0000] {logging_mixin.py:190} INFO - [2026-02-10T21:54:47.024+0000] {dag.py:4180} INFO - Setting next_dagrun for monthly_archival_pipeline to None, run_after=None
[2026-02-10T21:54:47.029+0000] {processor.py:208} INFO - Processing /opt/airflow/dags/monthly_archival.py took 0.259 seconds
[2026-02-10T21:55:17.487+0000] {processor.py:186} INFO - Started process (PID=696) to work on /opt/airflow/dags/monthly_archival.py
[2026-02-10T21:55:17.488+0000] {processor.py:914} INFO - Processing file /opt/airflow/dags/monthly_archival.py for tasks to queue
[2026-02-10T21:55:17.489+0000] {logging_mixin.py:190} INFO - [2026-02-10T21:55:17.489+0000] {dagbag.py:588} INFO - Filling up the DagBag from /opt/airflow/dags/monthly_archival.py
[2026-02-10T21:55:17.704+0000] {processor.py:925} INFO - DAG(s) 'monthly_archival_pipeline' retrieved from /opt/airflow/dags/monthly_archival.py
[2026-02-10T21:55:17.713+0000] {logging_mixin.py:190} INFO - [2026-02-10T21:55:17.713+0000] {dag.py:3239} INFO - Sync 1 DAGs
[2026-02-10T21:55:17.717+0000] {logging_mixin.py:190} INFO - [2026-02-10T21:55:17.717+0000] {dag.py:4180} INFO - Setting next_dagrun for monthly_archival_pipeline to None, run_after=None
[2026-02-10T21:55:17.723+0000] {processor.py:208} INFO - Processing /opt/airflow/dags/monthly_archival.py took 0.245 seconds
